Archive member included to satisfy reference by file (symbol)

c:/program files (x86)/gnu tools arm embedded/5.3 2016q1/bin/../lib/gcc/arm-none-eabi/5.3.1/armv6-m\libgcc.a(_udivsi3.o)
                              ./emlib/em_adc.o (__aeabi_uidiv)
c:/program files (x86)/gnu tools arm embedded/5.3 2016q1/bin/../lib/gcc/arm-none-eabi/5.3.1/armv6-m\libgcc.a(_dvmd_tls.o)
                              c:/program files (x86)/gnu tools arm embedded/5.3 2016q1/bin/../lib/gcc/arm-none-eabi/5.3.1/armv6-m\libgcc.a(_udivsi3.o) (__aeabi_idiv0)
c:/program files (x86)/gnu tools arm embedded/5.3 2016q1/bin/../lib/gcc/arm-none-eabi/5.3.1/armv6-m\libgcc.a(_clzsi2.o)
                              ./emlib/em_cmu.o (__clzsi2)
c:/program files (x86)/gnu tools arm embedded/5.3 2016q1/bin/../lib/gcc/arm-none-eabi/5.3.1/armv6-m\libgcc.a(_aeabi_uldivmod.o)
                              ./emlib/em_usart.o (__aeabi_uldivmod)
c:/program files (x86)/gnu tools arm embedded/5.3 2016q1/bin/../lib/gcc/arm-none-eabi/5.3.1/armv6-m\libgcc.a(_muldi3.o)
                              ./emlib/em_usart.o (__aeabi_lmul)
c:/program files (x86)/gnu tools arm embedded/5.3 2016q1/bin/../lib/gcc/arm-none-eabi/5.3.1/armv6-m\libgcc.a(_udivmoddi4.o)
                              c:/program files (x86)/gnu tools arm embedded/5.3 2016q1/bin/../lib/gcc/arm-none-eabi/5.3.1/armv6-m\libgcc.a(_aeabi_uldivmod.o) (__udivmoddi4)
c:/program files (x86)/gnu tools arm embedded/5.3 2016q1/bin/../lib/gcc/arm-none-eabi/5.3.1/armv6-m\libgcc.a(_clzdi2.o)
                              c:/program files (x86)/gnu tools arm embedded/5.3 2016q1/bin/../lib/gcc/arm-none-eabi/5.3.1/armv6-m\libgcc.a(_udivmoddi4.o) (__clzdi2)
c:/program files (x86)/gnu tools arm embedded/5.3 2016q1/bin/../lib/gcc/arm-none-eabi/5.3.1/../../../../arm-none-eabi/lib/armv6-m\libc_nano.a(lib_a-exit.o)
                              c:/program files (x86)/gnu tools arm embedded/5.3 2016q1/bin/../lib/gcc/arm-none-eabi/5.3.1/../../../../arm-none-eabi/lib/armv6-m/crt0.o (exit)
c:/program files (x86)/gnu tools arm embedded/5.3 2016q1/bin/../lib/gcc/arm-none-eabi/5.3.1/../../../../arm-none-eabi/lib/armv6-m\libc_nano.a(lib_a-impure.o)
                              c:/program files (x86)/gnu tools arm embedded/5.3 2016q1/bin/../lib/gcc/arm-none-eabi/5.3.1/../../../../arm-none-eabi/lib/armv6-m\libc_nano.a(lib_a-exit.o) (_global_impure_ptr)
c:/program files (x86)/gnu tools arm embedded/5.3 2016q1/bin/../lib/gcc/arm-none-eabi/5.3.1/../../../../arm-none-eabi/lib/armv6-m\libc_nano.a(lib_a-init.o)
                              c:/program files (x86)/gnu tools arm embedded/5.3 2016q1/bin/../lib/gcc/arm-none-eabi/5.3.1/../../../../arm-none-eabi/lib/armv6-m/crt0.o (__libc_init_array)
c:/program files (x86)/gnu tools arm embedded/5.3 2016q1/bin/../lib/gcc/arm-none-eabi/5.3.1/../../../../arm-none-eabi/lib/armv6-m\libc_nano.a(lib_a-memset.o)
                              c:/program files (x86)/gnu tools arm embedded/5.3 2016q1/bin/../lib/gcc/arm-none-eabi/5.3.1/../../../../arm-none-eabi/lib/armv6-m/crt0.o (memset)
c:/program files (x86)/gnu tools arm embedded/5.3 2016q1/bin/../lib/gcc/arm-none-eabi/5.3.1/../../../../arm-none-eabi/lib/armv6-m\libnosys.a(_exit.o)
                              c:/program files (x86)/gnu tools arm embedded/5.3 2016q1/bin/../lib/gcc/arm-none-eabi/5.3.1/../../../../arm-none-eabi/lib/armv6-m\libc_nano.a(lib_a-exit.o) (_exit)

Discarded input sections

 .text          0x00000000        0x0 c:/program files (x86)/gnu tools arm embedded/5.3 2016q1/bin/../lib/gcc/arm-none-eabi/5.3.1/armv6-m/crti.o
 .data          0x00000000        0x0 c:/program files (x86)/gnu tools arm embedded/5.3 2016q1/bin/../lib/gcc/arm-none-eabi/5.3.1/armv6-m/crti.o
 .bss           0x00000000        0x0 c:/program files (x86)/gnu tools arm embedded/5.3 2016q1/bin/../lib/gcc/arm-none-eabi/5.3.1/armv6-m/crti.o
 .data          0x00000000        0x4 c:/program files (x86)/gnu tools arm embedded/5.3 2016q1/bin/../lib/gcc/arm-none-eabi/5.3.1/armv6-m/crtbegin.o
 .data          0x00000000        0x0 c:/program files (x86)/gnu tools arm embedded/5.3 2016q1/bin/../lib/gcc/arm-none-eabi/5.3.1/../../../../arm-none-eabi/lib/armv6-m/crt0.o
 .bss           0x00000000        0x0 c:/program files (x86)/gnu tools arm embedded/5.3 2016q1/bin/../lib/gcc/arm-none-eabi/5.3.1/../../../../arm-none-eabi/lib/armv6-m/crt0.o
 .ARM.extab     0x00000000        0x0 c:/program files (x86)/gnu tools arm embedded/5.3 2016q1/bin/../lib/gcc/arm-none-eabi/5.3.1/../../../../arm-none-eabi/lib/armv6-m/crt0.o
 .data          0x00000000        0x0 ./CMSIS/EFM32ZG/startup_gcc_efm32zg.o
 .bss           0x00000000        0x0 ./CMSIS/EFM32ZG/startup_gcc_efm32zg.o
 .text          0x00000000        0x0 ./CMSIS/EFM32ZG/system_efm32zg.o
 .data          0x00000000        0x0 ./CMSIS/EFM32ZG/system_efm32zg.o
 .bss           0x00000000        0x0 ./CMSIS/EFM32ZG/system_efm32zg.o
 .text.SystemMaxCoreClockGet
                0x00000000       0x10 ./CMSIS/EFM32ZG/system_efm32zg.o
 .text.SystemHFXOClockGet
                0x00000000       0x14 ./CMSIS/EFM32ZG/system_efm32zg.o
 .text.SystemLFRCOClockGet
                0x00000000       0x10 ./CMSIS/EFM32ZG/system_efm32zg.o
 .text.SystemULFRCOClockGet
                0x00000000       0x10 ./CMSIS/EFM32ZG/system_efm32zg.o
 .text.SystemLFXOClockGet
                0x00000000       0x14 ./CMSIS/EFM32ZG/system_efm32zg.o
 .text.SystemLFXOClockSet
                0x00000000       0x30 ./CMSIS/EFM32ZG/system_efm32zg.o
 .text          0x00000000        0x0 ./emlib/em_acmp.o
 .data          0x00000000        0x0 ./emlib/em_acmp.o
 .bss           0x00000000        0x0 ./emlib/em_acmp.o
 .text.BUS_RegBitWrite
                0x00000000       0x3c ./emlib/em_acmp.o
 .text.BUS_RegMaskedWrite
                0x00000000       0x28 ./emlib/em_acmp.o
 .text.ACMP_CapsenseInit
                0x00000000       0x70 ./emlib/em_acmp.o
 .text.ACMP_CapsenseChannelSet
                0x00000000       0x28 ./emlib/em_acmp.o
 .text.ACMP_Disable
                0x00000000       0x20 ./emlib/em_acmp.o
 .text.ACMP_Enable
                0x00000000       0x1c ./emlib/em_acmp.o
 .text.ACMP_Reset
                0x00000000       0x30 ./emlib/em_acmp.o
 .text.ACMP_GPIOSetup
                0x00000000       0x3c ./emlib/em_acmp.o
 .text.ACMP_ChannelSet
                0x00000000       0x3c ./emlib/em_acmp.o
 .text.ACMP_Init
                0x00000000       0x84 ./emlib/em_acmp.o
 .debug_info    0x00000000      0x639 ./emlib/em_acmp.o
 .debug_abbrev  0x00000000      0x1ae ./emlib/em_acmp.o
 .debug_loc     0x00000000      0x230 ./emlib/em_acmp.o
 .debug_aranges
                0x00000000       0x68 ./emlib/em_acmp.o
 .debug_ranges  0x00000000       0x58 ./emlib/em_acmp.o
 .debug_line    0x00000000      0x2f9 ./emlib/em_acmp.o
 .debug_str     0x00000000      0x641 ./emlib/em_acmp.o
 .comment       0x00000000       0x6f ./emlib/em_acmp.o
 .debug_frame   0x00000000      0x150 ./emlib/em_acmp.o
 .ARM.attributes
                0x00000000       0x32 ./emlib/em_acmp.o
 .text          0x00000000        0x0 ./emlib/em_adc.o
 .data          0x00000000        0x0 ./emlib/em_adc.o
 .bss           0x00000000        0x0 ./emlib/em_adc.o
 .text.ADC_LoadDevinfoCal
                0x00000000      0x13c ./emlib/em_adc.o
 .rodata.ADC_LoadDevinfoCal
                0x00000000       0x1c ./emlib/em_adc.o
 .text.ADC_Init
                0x00000000       0xa4 ./emlib/em_adc.o
 .text.ADC_InitScan
                0x00000000       0xa8 ./emlib/em_adc.o
 .text.ADC_InitSingle
                0x00000000       0xa0 ./emlib/em_adc.o
 .text.ADC_PrescaleCalc
                0x00000000       0x70 ./emlib/em_adc.o
 .text.ADC_Reset
                0x00000000       0x5c ./emlib/em_adc.o
 .text.ADC_TimebaseCalc
                0x00000000       0x58 ./emlib/em_adc.o
 .debug_info    0x00000000      0x9f4 ./emlib/em_adc.o
 .debug_abbrev  0x00000000      0x1c6 ./emlib/em_adc.o
 .debug_loc     0x00000000      0x188 ./emlib/em_adc.o
 .debug_aranges
                0x00000000       0x50 ./emlib/em_adc.o
 .debug_ranges  0x00000000       0x40 ./emlib/em_adc.o
 .debug_line    0x00000000      0x323 ./emlib/em_adc.o
 .debug_str     0x00000000      0xa7a ./emlib/em_adc.o
 .comment       0x00000000       0x6f ./emlib/em_adc.o
 .debug_frame   0x00000000       0xf0 ./emlib/em_adc.o
 .ARM.attributes
                0x00000000       0x32 ./emlib/em_adc.o
 .text          0x00000000        0x0 ./emlib/em_aes.o
 .data          0x00000000        0x0 ./emlib/em_aes.o
 .bss           0x00000000        0x0 ./emlib/em_aes.o
 .text.AES_IntClear
                0x00000000       0x1c ./emlib/em_aes.o
 .text.AES_CBC128
                0x00000000      0x1fc ./emlib/em_aes.o
 .text.AES_CFB128
                0x00000000      0x118 ./emlib/em_aes.o
 .text.AES_CTR128
                0x00000000       0xe0 ./emlib/em_aes.o
 .text.AES_CTRUpdate32Bit
                0x00000000       0x30 ./emlib/em_aes.o
 .text.AES_DecryptKey128
                0x00000000       0x88 ./emlib/em_aes.o
 .text.AES_ECB128
                0x00000000       0xdc ./emlib/em_aes.o
 .text.AES_OFB128
                0x00000000       0xe0 ./emlib/em_aes.o
 .debug_info    0x00000000      0x92a ./emlib/em_aes.o
 .debug_abbrev  0x00000000      0x1fc ./emlib/em_aes.o
 .debug_loc     0x00000000      0x1c4 ./emlib/em_aes.o
 .debug_aranges
                0x00000000       0x58 ./emlib/em_aes.o
 .debug_ranges  0x00000000       0x48 ./emlib/em_aes.o
 .debug_line    0x00000000      0x70c ./emlib/em_aes.o
 .debug_str     0x00000000      0x322 ./emlib/em_aes.o
 .comment       0x00000000       0x6f ./emlib/em_aes.o
 .debug_frame   0x00000000      0x110 ./emlib/em_aes.o
 .ARM.attributes
                0x00000000       0x32 ./emlib/em_aes.o
 .text          0x00000000        0x0 ./emlib/em_assert.o
 .data          0x00000000        0x0 ./emlib/em_assert.o
 .bss           0x00000000        0x0 ./emlib/em_assert.o
 .debug_line    0x00000000        0x0 ./emlib/em_assert.o
 .debug_str     0x00000000      0x14c ./emlib/em_assert.o
 .comment       0x00000000       0x6f ./emlib/em_assert.o
 .ARM.attributes
                0x00000000       0x32 ./emlib/em_assert.o
 .text          0x00000000        0x0 ./emlib/em_burtc.o
 .data          0x00000000        0x0 ./emlib/em_burtc.o
 .bss           0x00000000        0x0 ./emlib/em_burtc.o
 .debug_info    0x00000000       0x87 ./emlib/em_burtc.o
 .debug_abbrev  0x00000000       0x26 ./emlib/em_burtc.o
 .debug_aranges
                0x00000000       0x18 ./emlib/em_burtc.o
 .debug_line    0x00000000       0x1d ./emlib/em_burtc.o
 .debug_str     0x00000000      0x1f6 ./emlib/em_burtc.o
 .comment       0x00000000       0x6f ./emlib/em_burtc.o
 .ARM.attributes
                0x00000000       0x32 ./emlib/em_burtc.o
 .text          0x00000000        0x0 ./emlib/em_can.o
 .data          0x00000000        0x0 ./emlib/em_can.o
 .bss           0x00000000        0x0 ./emlib/em_can.o
 .debug_info    0x00000000       0x8e ./emlib/em_can.o
 .debug_abbrev  0x00000000       0x26 ./emlib/em_can.o
 .debug_aranges
                0x00000000       0x18 ./emlib/em_can.o
 .debug_line    0x00000000       0x1d ./emlib/em_can.o
 .debug_str     0x00000000      0x1fa ./emlib/em_can.o
 .comment       0x00000000       0x6f ./emlib/em_can.o
 .ARM.attributes
                0x00000000       0x32 ./emlib/em_can.o
 .text          0x00000000        0x0 ./emlib/em_cmu.o
 .data          0x00000000        0x0 ./emlib/em_cmu.o
 .bss           0x00000000        0x0 ./emlib/em_cmu.o
 .text.BUS_RegBitRead
                0x00000000       0x20 ./emlib/em_cmu.o
 .text.BUS_RegMaskedWrite
                0x00000000       0x28 ./emlib/em_cmu.o
 .text.CMU_DivToLog2
                0x00000000       0x2c ./emlib/em_cmu.o
 .text.CMU_Log2ToDiv
                0x00000000       0x18 ./emlib/em_cmu.o
 .text.SYSTEM_GetProdRev
                0x00000000       0x1c ./emlib/em_cmu.o
 .text.auxClkGet
                0x00000000       0xb0 ./emlib/em_cmu.o
 .text.dbgClkGet
                0x00000000       0x48 ./emlib/em_cmu.o
 .text.flashWaitStateControl
                0x00000000       0x7c ./emlib/em_cmu.o
 .text.flashWaitStateMax
                0x00000000       0x18 ./emlib/em_cmu.o
 .text.CMU_UpdateWaitStates
                0x00000000       0x20 ./emlib/em_cmu.o
 .text.lfClkGet
                0x00000000       0xdc ./emlib/em_cmu.o
 .text.CMU_AUXHFRCOBandGet
                0x00000000       0x1c ./emlib/em_cmu.o
 .text.CMU_AUXHFRCOBandSet
                0x00000000       0x94 ./emlib/em_cmu.o
 .rodata.CMU_AUXHFRCOBandSet
                0x00000000       0x20 ./emlib/em_cmu.o
 .text.CMU_Calibrate
                0x00000000       0x80 ./emlib/em_cmu.o
 .rodata.CMU_Calibrate
                0x00000000       0x14 ./emlib/em_cmu.o
 .text.CMU_CalibrateConfig
                0x00000000       0xc8 ./emlib/em_cmu.o
 .rodata.CMU_CalibrateConfig
                0x00000000       0x28 ./emlib/em_cmu.o
 .text.CMU_CalibrateCountGet
                0x00000000       0x38 ./emlib/em_cmu.o
 .text.CMU_ClockDivGet
                0x00000000       0xc8 ./emlib/em_cmu.o
 .text.CMU_ClockDivSet
                0x00000000      0x10c ./emlib/em_cmu.o
 .text.CMU_ClockFreqGet
                0x00000000      0x12c ./emlib/em_cmu.o
 .text.CMU_ClockSelectGet
                0x00000000      0x140 ./emlib/em_cmu.o
 .text.CMU_ClockSelectSet
                0x00000000      0x168 ./emlib/em_cmu.o
 .rodata.CMU_ClockSelectSet
                0x00000000       0x58 ./emlib/em_cmu.o
 .text.CMU_FreezeEnable
                0x00000000       0x38 ./emlib/em_cmu.o
 .text.CMU_HFRCOBandGet
                0x00000000       0x1c ./emlib/em_cmu.o
 .text.CMU_HFRCOBandSet
                0x00000000       0xcc ./emlib/em_cmu.o
 .rodata.CMU_HFRCOBandSet
                0x00000000       0x14 ./emlib/em_cmu.o
 .text.CMU_HFRCOStartupDelayGet
                0x00000000       0x1c ./emlib/em_cmu.o
 .text.CMU_HFRCOStartupDelaySet
                0x00000000       0x34 ./emlib/em_cmu.o
 .text.CMU_HFXOInit
                0x00000000       0x5c ./emlib/em_cmu.o
 .text.CMU_LCDClkFDIVGet
                0x00000000        0xc ./emlib/em_cmu.o
 .text.CMU_LCDClkFDIVSet
                0x00000000       0x10 ./emlib/em_cmu.o
 .text.CMU_LFXOInit
                0x00000000       0x60 ./emlib/em_cmu.o
 .text.CMU_OscillatorEnable
                0x00000000       0xc0 ./emlib/em_cmu.o
 .rodata.CMU_OscillatorEnable
                0x00000000       0x14 ./emlib/em_cmu.o
 .text.CMU_OscillatorTuningGet
                0x00000000       0x54 ./emlib/em_cmu.o
 .text.CMU_OscillatorTuningSet
                0x00000000       0x80 ./emlib/em_cmu.o
 .text.CMU_PCNTClockExternalGet
                0x00000000       0x34 ./emlib/em_cmu.o
 .text.CMU_PCNTClockExternalSet
                0x00000000       0x3c ./emlib/em_cmu.o
 .text          0x00000000        0x0 ./emlib/em_core.o
 .data          0x00000000        0x0 ./emlib/em_core.o
 .bss           0x00000000        0x0 ./emlib/em_core.o
 .text.NVIC_GetPriority
                0x00000000       0x7c ./emlib/em_core.o
 .text.CORE_CriticalDisableIrq
                0x00000000        0xc ./emlib/em_core.o
 .text.CORE_CriticalEnableIrq
                0x00000000        0xc ./emlib/em_core.o
 .text.CORE_EnterCritical
                0x00000000       0x1c ./emlib/em_core.o
 .text.CORE_ExitCritical
                0x00000000       0x18 ./emlib/em_core.o
 .text.CORE_YieldCritical
                0x00000000       0x20 ./emlib/em_core.o
 .text.CORE_AtomicDisableIrq
                0x00000000        0xc ./emlib/em_core.o
 .text.CORE_AtomicEnableIrq
                0x00000000        0xc ./emlib/em_core.o
 .text.CORE_EnterAtomic
                0x00000000       0x1c ./emlib/em_core.o
 .text.CORE_ExitAtomic
                0x00000000       0x18 ./emlib/em_core.o
 .text.CORE_YieldAtomic
                0x00000000       0x20 ./emlib/em_core.o
 .text.CORE_EnterNvicMask
                0x00000000       0x38 ./emlib/em_core.o
 .text.CORE_NvicDisableMask
                0x00000000       0x2c ./emlib/em_core.o
 .text.CORE_NvicEnableMask
                0x00000000       0x2c ./emlib/em_core.o
 .text.CORE_YieldNvicMask
                0x00000000       0x58 ./emlib/em_core.o
 .text.CORE_NvicMaskSetIRQ
                0x00000000       0x58 ./emlib/em_core.o
 .text.CORE_NvicMaskClearIRQ
                0x00000000       0x5c ./emlib/em_core.o
 .text.CORE_InIrqContext
                0x00000000       0x1c ./emlib/em_core.o
 .text.CORE_IrqIsBlocked
                0x00000000       0x88 ./emlib/em_core.o
 .text.CORE_IrqIsDisabled
                0x00000000       0x20 ./emlib/em_core.o
 .text.CORE_GetNvicEnabledMask
                0x00000000       0x2c ./emlib/em_core.o
 .text.CORE_GetNvicMaskDisableState
                0x00000000       0x38 ./emlib/em_core.o
 .text.CORE_NvicIRQDisabled
                0x00000000       0x50 ./emlib/em_core.o
 .text.CORE_GetNvicRamTableHandler
                0x00000000       0x38 ./emlib/em_core.o
 .text.CORE_SetNvicRamTableHandler
                0x00000000       0x3c ./emlib/em_core.o
 .text.CORE_InitNvicVectorTable
                0x00000000       0xcc ./emlib/em_core.o
 .debug_info    0x00000000      0xacd ./emlib/em_core.o
 .debug_abbrev  0x00000000      0x22a ./emlib/em_core.o
 .debug_loc     0x00000000      0x574 ./emlib/em_core.o
 .debug_aranges
                0x00000000       0xe8 ./emlib/em_core.o
 .debug_ranges  0x00000000       0xd8 ./emlib/em_core.o
 .debug_line    0x00000000      0x56b ./emlib/em_core.o
 .debug_str     0x00000000      0x6c2 ./emlib/em_core.o
 .comment       0x00000000       0x6f ./emlib/em_core.o
 .debug_frame   0x00000000      0x33c ./emlib/em_core.o
 .ARM.attributes
                0x00000000       0x32 ./emlib/em_core.o
 .text          0x00000000        0x0 ./emlib/em_cryotimer.o
 .data          0x00000000        0x0 ./emlib/em_cryotimer.o
 .bss           0x00000000        0x0 ./emlib/em_cryotimer.o
 .debug_info    0x00000000       0x87 ./emlib/em_cryotimer.o
 .debug_abbrev  0x00000000       0x26 ./emlib/em_cryotimer.o
 .debug_aranges
                0x00000000       0x18 ./emlib/em_cryotimer.o
 .debug_line    0x00000000       0x1d ./emlib/em_cryotimer.o
 .debug_str     0x00000000      0x1fa ./emlib/em_cryotimer.o
 .comment       0x00000000       0x6f ./emlib/em_cryotimer.o
 .ARM.attributes
                0x00000000       0x32 ./emlib/em_cryotimer.o
 .text          0x00000000        0x0 ./emlib/em_crypto.o
 .data          0x00000000        0x0 ./emlib/em_crypto.o
 .bss           0x00000000        0x0 ./emlib/em_crypto.o
 .debug_info    0x00000000       0x87 ./emlib/em_crypto.o
 .debug_abbrev  0x00000000       0x26 ./emlib/em_crypto.o
 .debug_aranges
                0x00000000       0x18 ./emlib/em_crypto.o
 .debug_line    0x00000000       0x1d ./emlib/em_crypto.o
 .debug_str     0x00000000      0x1f7 ./emlib/em_crypto.o
 .comment       0x00000000       0x6f ./emlib/em_crypto.o
 .ARM.attributes
                0x00000000       0x32 ./emlib/em_crypto.o
 .text          0x00000000        0x0 ./emlib/em_csen.o
 .data          0x00000000        0x0 ./emlib/em_csen.o
 .bss           0x00000000        0x0 ./emlib/em_csen.o
 .debug_info    0x00000000       0x87 ./emlib/em_csen.o
 .debug_abbrev  0x00000000       0x26 ./emlib/em_csen.o
 .debug_aranges
                0x00000000       0x18 ./emlib/em_csen.o
 .debug_line    0x00000000       0x1d ./emlib/em_csen.o
 .debug_str     0x00000000      0x1f5 ./emlib/em_csen.o
 .comment       0x00000000       0x6f ./emlib/em_csen.o
 .ARM.attributes
                0x00000000       0x32 ./emlib/em_csen.o
 .text          0x00000000        0x0 ./emlib/em_dac.o
 .data          0x00000000        0x0 ./emlib/em_dac.o
 .bss           0x00000000        0x0 ./emlib/em_dac.o
 .debug_info    0x00000000       0x87 ./emlib/em_dac.o
 .debug_abbrev  0x00000000       0x26 ./emlib/em_dac.o
 .debug_aranges
                0x00000000       0x18 ./emlib/em_dac.o
 .debug_line    0x00000000       0x1d ./emlib/em_dac.o
 .debug_str     0x00000000      0x1f4 ./emlib/em_dac.o
 .comment       0x00000000       0x6f ./emlib/em_dac.o
 .ARM.attributes
                0x00000000       0x32 ./emlib/em_dac.o
 .text          0x00000000        0x0 ./emlib/em_dbg.o
 .data          0x00000000        0x0 ./emlib/em_dbg.o
 .bss           0x00000000        0x0 ./emlib/em_dbg.o
 .debug_info    0x00000000       0x87 ./emlib/em_dbg.o
 .debug_abbrev  0x00000000       0x26 ./emlib/em_dbg.o
 .debug_aranges
                0x00000000       0x18 ./emlib/em_dbg.o
 .debug_line    0x00000000       0x1d ./emlib/em_dbg.o
 .debug_str     0x00000000      0x1f4 ./emlib/em_dbg.o
 .comment       0x00000000       0x6f ./emlib/em_dbg.o
 .ARM.attributes
                0x00000000       0x32 ./emlib/em_dbg.o
 .text          0x00000000        0x0 ./emlib/em_dma.o
 .data          0x00000000        0x0 ./emlib/em_dma.o
 .bss           0x00000000        0x0 ./emlib/em_dma.o
 .text.NVIC_EnableIRQ
                0x00000000       0x2c ./emlib/em_dma.o
 .text.NVIC_DisableIRQ
                0x00000000       0x30 ./emlib/em_dma.o
 .text.NVIC_ClearPendingIRQ
                0x00000000       0x30 ./emlib/em_dma.o
 .text.BUS_RegBitWrite
                0x00000000       0x3c ./emlib/em_dma.o
 .text.DMA_Prepare
                0x00000000      0x128 ./emlib/em_dma.o
 .text.DMA_ActivateAuto
                0x00000000       0x54 ./emlib/em_dma.o
 .text.DMA_ActivateBasic
                0x00000000       0x58 ./emlib/em_dma.o
 .text.DMA_ActivatePingPong
                0x00000000       0x68 ./emlib/em_dma.o
 .text.DMA_ActivateScatterGather
                0x00000000      0x144 ./emlib/em_dma.o
 .text.DMA_CfgChannel
                0x00000000       0x9c ./emlib/em_dma.o
 .text.DMA_CfgDescr
                0x00000000       0x74 ./emlib/em_dma.o
 .text.DMA_CfgDescrScatterGather
                0x00000000       0xd4 ./emlib/em_dma.o
 .text.DMA_ChannelEnable
                0x00000000       0x3c ./emlib/em_dma.o
 .text.DMA_ChannelEnabled
                0x00000000       0x28 ./emlib/em_dma.o
 .text.DMA_ChannelRequestEnable
                0x00000000       0x40 ./emlib/em_dma.o
 .text.DMA_Init
                0x00000000       0x58 ./emlib/em_dma.o
 .text.DMA_RefreshPingPong
                0x00000000      0x118 ./emlib/em_dma.o
 .text.DMA_Reset
                0x00000000       0x84 ./emlib/em_dma.o
 .text          0x00000000        0x0 ./emlib/em_ebi.o
 .data          0x00000000        0x0 ./emlib/em_ebi.o
 .bss           0x00000000        0x0 ./emlib/em_ebi.o
 .debug_info    0x00000000       0x87 ./emlib/em_ebi.o
 .debug_abbrev  0x00000000       0x26 ./emlib/em_ebi.o
 .debug_aranges
                0x00000000       0x18 ./emlib/em_ebi.o
 .debug_line    0x00000000       0x1d ./emlib/em_ebi.o
 .debug_str     0x00000000      0x1f4 ./emlib/em_ebi.o
 .comment       0x00000000       0x6f ./emlib/em_ebi.o
 .ARM.attributes
                0x00000000       0x32 ./emlib/em_ebi.o
 .text          0x00000000        0x0 ./emlib/em_emu.o
 .data          0x00000000        0x0 ./emlib/em_emu.o
 .bss           0x00000000        0x0 ./emlib/em_emu.o
 .text.SystemCoreClockUpdate
                0x00000000       0x10 ./emlib/em_emu.o
 .text.EMU_Unlock
                0x00000000       0x18 ./emlib/em_emu.o
 .text.CMU_Lock
                0x00000000       0x18 ./emlib/em_emu.o
 .text.CMU_Unlock
                0x00000000       0x1c ./emlib/em_emu.o
 .ram           0x00000000       0x10 ./emlib/em_emu.o
 .text.emState  0x00000000       0xd8 ./emlib/em_emu.o
 .text.EMU_EnterEM2
                0x00000000       0x5c ./emlib/em_emu.o
 .text.EMU_EnterEM3
                0x00000000       0x80 ./emlib/em_emu.o
 .text.EMU_Save
                0x00000000       0x10 ./emlib/em_emu.o
 .text.EMU_Restore
                0x00000000       0x10 ./emlib/em_emu.o
 .text.EMU_EnterEM4
                0x00000000       0x54 ./emlib/em_emu.o
 .text.EMU_MemPwrDown
                0x00000000       0x10 ./emlib/em_emu.o
 .text.EMU_RamPowerDown
                0x00000000       0x24 ./emlib/em_emu.o
 .text.EMU_UpdateOscConfig
                0x00000000       0x10 ./emlib/em_emu.o
 .text.EMU_EM23Init
                0x00000000       0x34 ./emlib/em_emu.o
 .bss.cmuStatus.7737
                0x00000000        0x4 ./emlib/em_emu.o
 .bss.hfClock.7738
                0x00000000        0x1 ./emlib/em_emu.o
 .debug_info    0x00000000      0x828 ./emlib/em_emu.o
 .debug_abbrev  0x00000000      0x1f1 ./emlib/em_emu.o
 .debug_loc     0x00000000      0x2e8 ./emlib/em_emu.o
 .debug_aranges
                0x00000000       0x90 ./emlib/em_emu.o
 .debug_ranges  0x00000000       0x80 ./emlib/em_emu.o
 .debug_line    0x00000000      0x44b ./emlib/em_emu.o
 .debug_str     0x00000000      0x6fd ./emlib/em_emu.o
 .comment       0x00000000       0x6f ./emlib/em_emu.o
 .debug_frame   0x00000000      0x1d0 ./emlib/em_emu.o
 .ARM.attributes
                0x00000000       0x32 ./emlib/em_emu.o
 .text          0x00000000        0x0 ./emlib/em_gpcrc.o
 .data          0x00000000        0x0 ./emlib/em_gpcrc.o
 .bss           0x00000000        0x0 ./emlib/em_gpcrc.o
 .debug_info    0x00000000       0x87 ./emlib/em_gpcrc.o
 .debug_abbrev  0x00000000       0x26 ./emlib/em_gpcrc.o
 .debug_aranges
                0x00000000       0x18 ./emlib/em_gpcrc.o
 .debug_line    0x00000000       0x1d ./emlib/em_gpcrc.o
 .debug_str     0x00000000      0x1f6 ./emlib/em_gpcrc.o
 .comment       0x00000000       0x6f ./emlib/em_gpcrc.o
 .ARM.attributes
                0x00000000       0x32 ./emlib/em_gpcrc.o
 .text          0x00000000        0x0 ./emlib/em_gpio.o
 .data          0x00000000        0x0 ./emlib/em_gpio.o
 .bss           0x00000000        0x0 ./emlib/em_gpio.o
 .text.BUS_RegBitWrite
                0x00000000       0x3c ./emlib/em_gpio.o
 .text.BUS_RegMaskedWrite
                0x00000000       0x28 ./emlib/em_gpio.o
 .text.GPIO_EM4SetPinRetention
                0x00000000       0x4c ./emlib/em_gpio.o
 .text.GPIO_DbgLocationSet
                0x00000000       0x10 ./emlib/em_gpio.o
 .text.GPIO_DriveModeSet
                0x00000000       0x7c ./emlib/em_gpio.o
 .text.GPIO_ExtIntConfig
                0x00000000      0x104 ./emlib/em_gpio.o
 .text.GPIO_PinModeGet
                0x00000000       0x98 ./emlib/em_gpio.o
 .text.GPIO_EM4EnablePinWakeup
                0x00000000       0x68 ./emlib/em_gpio.o
 .text          0x00000000        0x0 ./emlib/em_i2c.o
 .data          0x00000000        0x0 ./emlib/em_i2c.o
 .bss           0x00000000        0x0 ./emlib/em_i2c.o
 .text.BUS_RegBitWrite
                0x00000000       0x3c ./emlib/em_i2c.o
 .text.BUS_RegMaskedWrite
                0x00000000       0x28 ./emlib/em_i2c.o
 .rodata.i2cNSum
                0x00000000        0x4 ./emlib/em_i2c.o
 .bss.i2cTransfer
                0x00000000        0xc ./emlib/em_i2c.o
 .text.I2C_BusFreqGet
                0x00000000       0x4c ./emlib/em_i2c.o
 .text.I2C_BusFreqSet
                0x00000000      0x10c ./emlib/em_i2c.o
 .text.I2C_Enable
                0x00000000       0x24 ./emlib/em_i2c.o
 .text.I2C_Init
                0x00000000       0x5c ./emlib/em_i2c.o
 .text.I2C_Reset
                0x00000000       0x38 ./emlib/em_i2c.o
 .text.I2C_Transfer
                0x00000000      0x424 ./emlib/em_i2c.o
 .rodata.I2C_Transfer
                0x00000000       0x24 ./emlib/em_i2c.o
 .text.I2C_TransferInit
                0x00000000       0xc0 ./emlib/em_i2c.o
 .debug_info    0x00000000      0x7ff ./emlib/em_i2c.o
 .debug_abbrev  0x00000000      0x25c ./emlib/em_i2c.o
 .debug_loc     0x00000000      0x1f8 ./emlib/em_i2c.o
 .debug_aranges
                0x00000000       0x60 ./emlib/em_i2c.o
 .debug_ranges  0x00000000       0x68 ./emlib/em_i2c.o
 .debug_line    0x00000000      0x3e7 ./emlib/em_i2c.o
 .debug_str     0x00000000      0x717 ./emlib/em_i2c.o
 .comment       0x00000000       0x6f ./emlib/em_i2c.o
 .debug_frame   0x00000000      0x130 ./emlib/em_i2c.o
 .ARM.attributes
                0x00000000       0x32 ./emlib/em_i2c.o
 .text          0x00000000        0x0 ./emlib/em_idac.o
 .data          0x00000000        0x0 ./emlib/em_idac.o
 .bss           0x00000000        0x0 ./emlib/em_idac.o
 .text.BUS_RegBitWrite
                0x00000000       0x3c ./emlib/em_idac.o
 .text.IDAC_Init
                0x00000000       0x5c ./emlib/em_idac.o
 .text.IDAC_Enable
                0x00000000       0x24 ./emlib/em_idac.o
 .text.IDAC_Reset
                0x00000000       0x28 ./emlib/em_idac.o
 .text.IDAC_MinimalOutputTransitionMode
                0x00000000       0x24 ./emlib/em_idac.o
 .text.IDAC_RangeSet
                0x00000000       0x90 ./emlib/em_idac.o
 .text.IDAC_StepSet
                0x00000000       0x30 ./emlib/em_idac.o
 .text.IDAC_OutEnable
                0x00000000       0x24 ./emlib/em_idac.o
 .debug_info    0x00000000      0x512 ./emlib/em_idac.o
 .debug_abbrev  0x00000000      0x177 ./emlib/em_idac.o
 .debug_loc     0x00000000      0x1c0 ./emlib/em_idac.o
 .debug_aranges
                0x00000000       0x58 ./emlib/em_idac.o
 .debug_ranges  0x00000000       0x48 ./emlib/em_idac.o
 .debug_line    0x00000000      0x2d2 ./emlib/em_idac.o
 .debug_str     0x00000000      0x483 ./emlib/em_idac.o
 .comment       0x00000000       0x6f ./emlib/em_idac.o
 .debug_frame   0x00000000      0x110 ./emlib/em_idac.o
 .ARM.attributes
                0x00000000       0x32 ./emlib/em_idac.o
 .text          0x00000000        0x0 ./emlib/em_int.o
 .data          0x00000000        0x0 ./emlib/em_int.o
 .bss           0x00000000        0x0 ./emlib/em_int.o
 .bss.INT_LockCnt
                0x00000000        0x4 ./emlib/em_int.o
 .debug_info    0x00000000       0xaf ./emlib/em_int.o
 .debug_abbrev  0x00000000       0x44 ./emlib/em_int.o
 .debug_aranges
                0x00000000       0x18 ./emlib/em_int.o
 .debug_line    0x00000000       0xfd ./emlib/em_int.o
 .debug_str     0x00000000      0x214 ./emlib/em_int.o
 .comment       0x00000000       0x6f ./emlib/em_int.o
 .ARM.attributes
                0x00000000       0x32 ./emlib/em_int.o
 .text          0x00000000        0x0 ./emlib/em_lcd.o
 .data          0x00000000        0x0 ./emlib/em_lcd.o
 .bss           0x00000000        0x0 ./emlib/em_lcd.o
 .debug_info    0x00000000       0x87 ./emlib/em_lcd.o
 .debug_abbrev  0x00000000       0x26 ./emlib/em_lcd.o
 .debug_aranges
                0x00000000       0x18 ./emlib/em_lcd.o
 .debug_line    0x00000000       0x1d ./emlib/em_lcd.o
 .debug_str     0x00000000      0x1f4 ./emlib/em_lcd.o
 .comment       0x00000000       0x6f ./emlib/em_lcd.o
 .ARM.attributes
                0x00000000       0x32 ./emlib/em_lcd.o
 .text          0x00000000        0x0 ./emlib/em_ldma.o
 .data          0x00000000        0x0 ./emlib/em_ldma.o
 .bss           0x00000000        0x0 ./emlib/em_ldma.o
 .debug_info    0x00000000       0x87 ./emlib/em_ldma.o
 .debug_abbrev  0x00000000       0x26 ./emlib/em_ldma.o
 .debug_aranges
                0x00000000       0x18 ./emlib/em_ldma.o
 .debug_line    0x00000000       0x1d ./emlib/em_ldma.o
 .debug_str     0x00000000      0x1f5 ./emlib/em_ldma.o
 .comment       0x00000000       0x6f ./emlib/em_ldma.o
 .ARM.attributes
                0x00000000       0x32 ./emlib/em_ldma.o
 .text          0x00000000        0x0 ./emlib/em_lesense.o
 .data          0x00000000        0x0 ./emlib/em_lesense.o
 .bss           0x00000000        0x0 ./emlib/em_lesense.o
 .debug_info    0x00000000       0x87 ./emlib/em_lesense.o
 .debug_abbrev  0x00000000       0x26 ./emlib/em_lesense.o
 .debug_aranges
                0x00000000       0x18 ./emlib/em_lesense.o
 .debug_line    0x00000000       0x1d ./emlib/em_lesense.o
 .debug_str     0x00000000      0x1f8 ./emlib/em_lesense.o
 .comment       0x00000000       0x6f ./emlib/em_lesense.o
 .ARM.attributes
                0x00000000       0x32 ./emlib/em_lesense.o
 .text          0x00000000        0x0 ./emlib/em_letimer.o
 .data          0x00000000        0x0 ./emlib/em_letimer.o
 .bss           0x00000000        0x0 ./emlib/em_letimer.o
 .debug_info    0x00000000       0x87 ./emlib/em_letimer.o
 .debug_abbrev  0x00000000       0x26 ./emlib/em_letimer.o
 .debug_aranges
                0x00000000       0x18 ./emlib/em_letimer.o
 .debug_line    0x00000000       0x1d ./emlib/em_letimer.o
 .debug_str     0x00000000      0x1f8 ./emlib/em_letimer.o
 .comment       0x00000000       0x6f ./emlib/em_letimer.o
 .ARM.attributes
                0x00000000       0x32 ./emlib/em_letimer.o
 .text          0x00000000        0x0 ./emlib/em_leuart.o
 .data          0x00000000        0x0 ./emlib/em_leuart.o
 .bss           0x00000000        0x0 ./emlib/em_leuart.o
 .text.LEUART_Sync
                0x00000000       0x2c ./emlib/em_leuart.o
 .text.LEUART_BaudrateCalc
                0x00000000       0x60 ./emlib/em_leuart.o
 .text.LEUART_BaudrateGet
                0x00000000       0x44 ./emlib/em_leuart.o
 .text.LEUART_BaudrateSet
                0x00000000       0x74 ./emlib/em_leuart.o
 .text.LEUART_Enable
                0x00000000       0x48 ./emlib/em_leuart.o
 .text.LEUART_FreezeEnable
                0x00000000       0x38 ./emlib/em_leuart.o
 .text.LEUART_Init
                0x00000000       0x70 ./emlib/em_leuart.o
 .text.LEUART_Reset
                0x00000000       0x60 ./emlib/em_leuart.o
 .text.LEUART_Rx
                0x00000000       0x24 ./emlib/em_leuart.o
 .text.LEUART_RxExt
                0x00000000       0x24 ./emlib/em_leuart.o
 .text.LEUART_Tx
                0x00000000       0x34 ./emlib/em_leuart.o
 .text.LEUART_TxExt
                0x00000000       0x34 ./emlib/em_leuart.o
 .text.LEUART_TxDmaInEM2Enable
                0x00000000       0x48 ./emlib/em_leuart.o
 .text.LEUART_RxDmaInEM2Enable
                0x00000000       0x48 ./emlib/em_leuart.o
 .debug_info    0x00000000      0x7cd ./emlib/em_leuart.o
 .debug_abbrev  0x00000000      0x1da ./emlib/em_leuart.o
 .debug_loc     0x00000000      0x310 ./emlib/em_leuart.o
 .debug_aranges
                0x00000000       0x88 ./emlib/em_leuart.o
 .debug_ranges  0x00000000       0x78 ./emlib/em_leuart.o
 .debug_line    0x00000000      0x371 ./emlib/em_leuart.o
 .debug_str     0x00000000      0x691 ./emlib/em_leuart.o
 .comment       0x00000000       0x6f ./emlib/em_leuart.o
 .debug_frame   0x00000000      0x1d0 ./emlib/em_leuart.o
 .ARM.attributes
                0x00000000       0x32 ./emlib/em_leuart.o
 .text          0x00000000        0x0 ./emlib/em_mpu.o
 .data          0x00000000        0x0 ./emlib/em_mpu.o
 .bss           0x00000000        0x0 ./emlib/em_mpu.o
 .debug_info    0x00000000       0x87 ./emlib/em_mpu.o
 .debug_abbrev  0x00000000       0x26 ./emlib/em_mpu.o
 .debug_aranges
                0x00000000       0x18 ./emlib/em_mpu.o
 .debug_line    0x00000000       0x1d ./emlib/em_mpu.o
 .debug_str     0x00000000      0x1f4 ./emlib/em_mpu.o
 .comment       0x00000000       0x6f ./emlib/em_mpu.o
 .ARM.attributes
                0x00000000       0x32 ./emlib/em_mpu.o
 .text          0x00000000        0x0 ./emlib/em_msc.o
 .data          0x00000000        0x0 ./emlib/em_msc.o
 .bss           0x00000000        0x0 ./emlib/em_msc.o
 .ram           0x00000000      0x408 ./emlib/em_msc.o
 .text.MSC_Init
                0x00000000       0xc4 ./emlib/em_msc.o
 .text.MSC_Deinit
                0x00000000       0x20 ./emlib/em_msc.o
 .text.MSC_ExecConfigSet
                0x00000000       0x48 ./emlib/em_msc.o
 .debug_info    0x00000000      0x78a ./emlib/em_msc.o
 .debug_abbrev  0x00000000      0x217 ./emlib/em_msc.o
 .debug_loc     0x00000000      0x250 ./emlib/em_msc.o
 .debug_aranges
                0x00000000       0x70 ./emlib/em_msc.o
 .debug_ranges  0x00000000       0x60 ./emlib/em_msc.o
 .debug_line    0x00000000      0x3fd ./emlib/em_msc.o
 .debug_str     0x00000000      0x66b ./emlib/em_msc.o
 .comment       0x00000000       0x6f ./emlib/em_msc.o
 .debug_frame   0x00000000      0x168 ./emlib/em_msc.o
 .ARM.attributes
                0x00000000       0x32 ./emlib/em_msc.o
 .text          0x00000000        0x0 ./emlib/em_opamp.o
 .data          0x00000000        0x0 ./emlib/em_opamp.o
 .bss           0x00000000        0x0 ./emlib/em_opamp.o
 .debug_info    0x00000000       0x87 ./emlib/em_opamp.o
 .debug_abbrev  0x00000000       0x26 ./emlib/em_opamp.o
 .debug_aranges
                0x00000000       0x18 ./emlib/em_opamp.o
 .debug_line    0x00000000       0x1d ./emlib/em_opamp.o
 .debug_str     0x00000000      0x1f6 ./emlib/em_opamp.o
 .comment       0x00000000       0x6f ./emlib/em_opamp.o
 .ARM.attributes
                0x00000000       0x32 ./emlib/em_opamp.o
 .text          0x00000000        0x0 ./emlib/em_pcnt.o
 .data          0x00000000        0x0 ./emlib/em_pcnt.o
 .bss           0x00000000        0x0 ./emlib/em_pcnt.o
 .text.BUS_RegBitWrite
                0x00000000       0x3c ./emlib/em_pcnt.o
 .text.PCNT_Map
                0x00000000       0x20 ./emlib/em_pcnt.o
 .text.PCNT_Sync
                0x00000000       0x2c ./emlib/em_pcnt.o
 .text.PCNT_CounterReset
                0x00000000       0x28 ./emlib/em_pcnt.o
 .text.PCNT_CounterTopSet
                0x00000000       0xa8 ./emlib/em_pcnt.o
 .text.PCNT_Enable
                0x00000000       0x3c ./emlib/em_pcnt.o
 .text.PCNT_PRSInputEnable
                0x00000000       0x58 ./emlib/em_pcnt.o
 .text.PCNT_FreezeEnable
                0x00000000       0x38 ./emlib/em_pcnt.o
 .text.PCNT_Init
                0x00000000      0x1a4 ./emlib/em_pcnt.o
 .text.PCNT_Reset
                0x00000000       0x64 ./emlib/em_pcnt.o
 .text.PCNT_TCCConfiguration
                0x00000000       0xb4 ./emlib/em_pcnt.o
 .text.PCNT_TopBufferSet
                0x00000000       0x24 ./emlib/em_pcnt.o
 .text.PCNT_TopSet
                0x00000000       0x34 ./emlib/em_pcnt.o
 .debug_info    0x00000000      0x7b8 ./emlib/em_pcnt.o
 .debug_abbrev  0x00000000      0x1f6 ./emlib/em_pcnt.o
 .debug_loc     0x00000000      0x2d8 ./emlib/em_pcnt.o
 .debug_aranges
                0x00000000       0x80 ./emlib/em_pcnt.o
 .debug_ranges  0x00000000       0x70 ./emlib/em_pcnt.o
 .debug_line    0x00000000      0x385 ./emlib/em_pcnt.o
 .debug_str     0x00000000      0x5f5 ./emlib/em_pcnt.o
 .comment       0x00000000       0x6f ./emlib/em_pcnt.o
 .debug_frame   0x00000000      0x1b0 ./emlib/em_pcnt.o
 .ARM.attributes
                0x00000000       0x32 ./emlib/em_pcnt.o
 .text          0x00000000        0x0 ./emlib/em_prs.o
 .data          0x00000000        0x0 ./emlib/em_prs.o
 .bss           0x00000000        0x0 ./emlib/em_prs.o
 .text.PRS_SourceSignalSet
                0x00000000       0x38 ./emlib/em_prs.o
 .text.PRS_SourceAsyncSignalSet
                0x00000000       0x38 ./emlib/em_prs.o
 .debug_info    0x00000000      0x214 ./emlib/em_prs.o
 .debug_abbrev  0x00000000       0xee ./emlib/em_prs.o
 .debug_loc     0x00000000       0x70 ./emlib/em_prs.o
 .debug_aranges
                0x00000000       0x28 ./emlib/em_prs.o
 .debug_ranges  0x00000000       0x18 ./emlib/em_prs.o
 .debug_line    0x00000000      0x226 ./emlib/em_prs.o
 .debug_str     0x00000000      0x2c6 ./emlib/em_prs.o
 .comment       0x00000000       0x6f ./emlib/em_prs.o
 .debug_frame   0x00000000       0x50 ./emlib/em_prs.o
 .ARM.attributes
                0x00000000       0x32 ./emlib/em_prs.o
 .text          0x00000000        0x0 ./emlib/em_qspi.o
 .data          0x00000000        0x0 ./emlib/em_qspi.o
 .bss           0x00000000        0x0 ./emlib/em_qspi.o
 .debug_info    0x00000000       0x87 ./emlib/em_qspi.o
 .debug_abbrev  0x00000000       0x26 ./emlib/em_qspi.o
 .debug_aranges
                0x00000000       0x18 ./emlib/em_qspi.o
 .debug_line    0x00000000       0x1d ./emlib/em_qspi.o
 .debug_str     0x00000000      0x1f5 ./emlib/em_qspi.o
 .comment       0x00000000       0x6f ./emlib/em_qspi.o
 .ARM.attributes
                0x00000000       0x32 ./emlib/em_qspi.o
 .text          0x00000000        0x0 ./emlib/em_rmu.o
 .data          0x00000000        0x0 ./emlib/em_rmu.o
 .bss           0x00000000        0x0 ./emlib/em_rmu.o
 .text.SL_CTZ   0x00000000       0x34 ./emlib/em_rmu.o
 .text.BUS_RegBitWrite
                0x00000000       0x3c ./emlib/em_rmu.o
 .text.EMU_Lock
                0x00000000       0x14 ./emlib/em_rmu.o
 .text.EMU_Unlock
                0x00000000       0x18 ./emlib/em_rmu.o
 .rodata.resetCauseMasks
                0x00000000       0x58 ./emlib/em_rmu.o
 .text.RMU_ResetControl
                0x00000000       0x44 ./emlib/em_rmu.o
 .text.RMU_ResetCauseClear
                0x00000000       0x58 ./emlib/em_rmu.o
 .text.RMU_ResetCauseGet
                0x00000000       0x68 ./emlib/em_rmu.o
 .debug_info    0x00000000      0x3a1 ./emlib/em_rmu.o
 .debug_abbrev  0x00000000      0x1a0 ./emlib/em_rmu.o
 .debug_loc     0x00000000      0x170 ./emlib/em_rmu.o
 .debug_aranges
                0x00000000       0x50 ./emlib/em_rmu.o
 .debug_ranges  0x00000000       0x40 ./emlib/em_rmu.o
 .debug_line    0x00000000      0x2de ./emlib/em_rmu.o
 .debug_str     0x00000000      0x3a9 ./emlib/em_rmu.o
 .comment       0x00000000       0x6f ./emlib/em_rmu.o
 .debug_frame   0x00000000       0xe8 ./emlib/em_rmu.o
 .ARM.attributes
                0x00000000       0x32 ./emlib/em_rmu.o
 .text          0x00000000        0x0 ./emlib/em_rtc.o
 .data          0x00000000        0x0 ./emlib/em_rtc.o
 .bss           0x00000000        0x0 ./emlib/em_rtc.o
 .text.BUS_RegBitWrite
                0x00000000       0x3c ./emlib/em_rtc.o
 .text.RTC_CompareGet
                0x00000000       0x38 ./emlib/em_rtc.o
 .text.RTC_CompareSet
                0x00000000       0x38 ./emlib/em_rtc.o
 .text.RTC_Enable
                0x00000000       0x28 ./emlib/em_rtc.o
 .text.RTC_FreezeEnable
                0x00000000       0x30 ./emlib/em_rtc.o
 .text.RTC_Init
                0x00000000       0x4c ./emlib/em_rtc.o
 .text.RTC_Reset
                0x00000000       0x34 ./emlib/em_rtc.o
 .text.RTC_CounterReset
                0x00000000       0x18 ./emlib/em_rtc.o
 .debug_info    0x00000000      0x336 ./emlib/em_rtc.o
 .debug_abbrev  0x00000000      0x187 ./emlib/em_rtc.o
 .debug_loc     0x00000000      0x1a8 ./emlib/em_rtc.o
 .debug_aranges
                0x00000000       0x58 ./emlib/em_rtc.o
 .debug_ranges  0x00000000       0x48 ./emlib/em_rtc.o
 .debug_line    0x00000000      0x2bc ./emlib/em_rtc.o
 .debug_str     0x00000000      0x2f0 ./emlib/em_rtc.o
 .comment       0x00000000       0x6f ./emlib/em_rtc.o
 .debug_frame   0x00000000      0x108 ./emlib/em_rtc.o
 .ARM.attributes
                0x00000000       0x32 ./emlib/em_rtc.o
 .text          0x00000000        0x0 ./emlib/em_rtcc.o
 .data          0x00000000        0x0 ./emlib/em_rtcc.o
 .bss           0x00000000        0x0 ./emlib/em_rtcc.o
 .debug_info    0x00000000       0x87 ./emlib/em_rtcc.o
 .debug_abbrev  0x00000000       0x26 ./emlib/em_rtcc.o
 .debug_aranges
                0x00000000       0x18 ./emlib/em_rtcc.o
 .debug_line    0x00000000       0x1d ./emlib/em_rtcc.o
 .debug_str     0x00000000      0x1f5 ./emlib/em_rtcc.o
 .comment       0x00000000       0x6f ./emlib/em_rtcc.o
 .ARM.attributes
                0x00000000       0x32 ./emlib/em_rtcc.o
 .text          0x00000000        0x0 ./emlib/em_system.o
 .data          0x00000000        0x0 ./emlib/em_system.o
 .bss           0x00000000        0x0 ./emlib/em_system.o
 .text.SYSTEM_ChipRevisionGet
                0x00000000       0x90 ./emlib/em_system.o
 .text.SYSTEM_GetCalibrationValue
                0x00000000       0x48 ./emlib/em_system.o
 .debug_info    0x00000000      0x269 ./emlib/em_system.o
 .debug_abbrev  0x00000000       0xf8 ./emlib/em_system.o
 .debug_loc     0x00000000       0x70 ./emlib/em_system.o
 .debug_aranges
                0x00000000       0x28 ./emlib/em_system.o
 .debug_ranges  0x00000000       0x18 ./emlib/em_system.o
 .debug_line    0x00000000      0x229 ./emlib/em_system.o
 .debug_str     0x00000000      0x2f8 ./emlib/em_system.o
 .comment       0x00000000       0x6f ./emlib/em_system.o
 .debug_frame   0x00000000       0x50 ./emlib/em_system.o
 .ARM.attributes
                0x00000000       0x32 ./emlib/em_system.o
 .text          0x00000000        0x0 ./emlib/em_timer.o
 .data          0x00000000        0x0 ./emlib/em_timer.o
 .bss           0x00000000        0x0 ./emlib/em_timer.o
 .text.TIMER_Valid
                0x00000000       0x38 ./emlib/em_timer.o
 .text.TIMER_Init
                0x00000000       0xe0 ./emlib/em_timer.o
 .text.TIMER_InitCC
                0x00000000       0xa0 ./emlib/em_timer.o
 .text.TIMER_Reset
                0x00000000       0x88 ./emlib/em_timer.o
 .debug_info    0x00000000      0x650 ./emlib/em_timer.o
 .debug_abbrev  0x00000000      0x156 ./emlib/em_timer.o
 .debug_loc     0x00000000       0xe0 ./emlib/em_timer.o
 .debug_aranges
                0x00000000       0x38 ./emlib/em_timer.o
 .debug_ranges  0x00000000       0x28 ./emlib/em_timer.o
 .debug_line    0x00000000      0x39f ./emlib/em_timer.o
 .debug_str     0x00000000      0x70e ./emlib/em_timer.o
 .comment       0x00000000       0x6f ./emlib/em_timer.o
 .debug_frame   0x00000000       0x90 ./emlib/em_timer.o
 .ARM.attributes
                0x00000000       0x32 ./emlib/em_timer.o
 .text          0x00000000        0x0 ./emlib/em_usart.o
 .data          0x00000000        0x0 ./emlib/em_usart.o
 .bss           0x00000000        0x0 ./emlib/em_usart.o
 .text.USART_BaudrateAsyncSet
                0x00000000       0xc8 ./emlib/em_usart.o
 .text.USART_BaudrateCalc
                0x00000000      0x10c ./emlib/em_usart.o
 .text.USART_BaudrateGet
                0x00000000       0x68 ./emlib/em_usart.o
 .text.USART_BaudrateSyncSet
                0x00000000       0x4c ./emlib/em_usart.o
 .text.USART_Enable
                0x00000000       0x38 ./emlib/em_usart.o
 .text.USART_InitAsync
                0x00000000       0x7c ./emlib/em_usart.o
 .text.USART_InitSync
                0x00000000       0xac ./emlib/em_usart.o
 .text.USARTn_InitIrDA
                0x00000000       0x78 ./emlib/em_usart.o
 .text.USART_InitI2s
                0x00000000       0x8c ./emlib/em_usart.o
 .text.USART_InitPrsTrigger
                0x00000000       0x60 ./emlib/em_usart.o
 .text.USART_Reset
                0x00000000       0x74 ./emlib/em_usart.o
 .text.USART_Rx
                0x00000000       0x24 ./emlib/em_usart.o
 .text.USART_RxDouble
                0x00000000       0x24 ./emlib/em_usart.o
 .text.USART_RxDoubleExt
                0x00000000       0x24 ./emlib/em_usart.o
 .text.USART_RxExt
                0x00000000       0x24 ./emlib/em_usart.o
 .text.USART_SpiTransfer
                0x00000000       0x3c ./emlib/em_usart.o
 .text.USART_Tx
                0x00000000       0x2c ./emlib/em_usart.o
 .text.USART_TxDouble
                0x00000000       0x2c ./emlib/em_usart.o
 .text.USART_TxDoubleExt
                0x00000000       0x24 ./emlib/em_usart.o
 .text.USART_TxExt
                0x00000000       0x2c ./emlib/em_usart.o
 .debug_info    0x00000000      0xdf8 ./emlib/em_usart.o
 .debug_abbrev  0x00000000      0x1e4 ./emlib/em_usart.o
 .debug_loc     0x00000000      0x462 ./emlib/em_usart.o
 .debug_aranges
                0x00000000       0xb8 ./emlib/em_usart.o
 .debug_ranges  0x00000000       0xa8 ./emlib/em_usart.o
 .debug_line    0x00000000      0x4be ./emlib/em_usart.o
 .debug_str     0x00000000      0xc07 ./emlib/em_usart.o
 .comment       0x00000000       0x6f ./emlib/em_usart.o
 .debug_frame   0x00000000      0x294 ./emlib/em_usart.o
 .ARM.attributes
                0x00000000       0x32 ./emlib/em_usart.o
 .text          0x00000000        0x0 ./emlib/em_vcmp.o
 .data          0x00000000        0x0 ./emlib/em_vcmp.o
 .bss           0x00000000        0x0 ./emlib/em_vcmp.o
 .text.VCMP_Ready
                0x00000000       0x1c ./emlib/em_vcmp.o
 .text.VCMP_IntClear
                0x00000000       0x18 ./emlib/em_vcmp.o
 .text.VCMP_Init
                0x00000000      0x1b0 ./emlib/em_vcmp.o
 .text.VCMP_LowPowerRefSet
                0x00000000       0x44 ./emlib/em_vcmp.o
 .text.VCMP_TriggerSet
                0x00000000       0x30 ./emlib/em_vcmp.o
 .debug_info    0x00000000      0x2fe ./emlib/em_vcmp.o
 .debug_abbrev  0x00000000      0x11e ./emlib/em_vcmp.o
 .debug_loc     0x00000000      0x10c ./emlib/em_vcmp.o
 .debug_aranges
                0x00000000       0x40 ./emlib/em_vcmp.o
 .debug_ranges  0x00000000       0x30 ./emlib/em_vcmp.o
 .debug_line    0x00000000      0x27e ./emlib/em_vcmp.o
 .debug_str     0x00000000      0x3ec ./emlib/em_vcmp.o
 .comment       0x00000000       0x6f ./emlib/em_vcmp.o
 .debug_frame   0x00000000       0xac ./emlib/em_vcmp.o
 .ARM.attributes
                0x00000000       0x32 ./emlib/em_vcmp.o
 .text          0x00000000        0x0 ./emlib/em_vdac.o
 .data          0x00000000        0x0 ./emlib/em_vdac.o
 .bss           0x00000000        0x0 ./emlib/em_vdac.o
 .debug_info    0x00000000       0x87 ./emlib/em_vdac.o
 .debug_abbrev  0x00000000       0x26 ./emlib/em_vdac.o
 .debug_aranges
                0x00000000       0x18 ./emlib/em_vdac.o
 .debug_line    0x00000000       0x1d ./emlib/em_vdac.o
 .debug_str     0x00000000      0x1f5 ./emlib/em_vdac.o
 .comment       0x00000000       0x6f ./emlib/em_vdac.o
 .ARM.attributes
                0x00000000       0x32 ./emlib/em_vdac.o
 .text          0x00000000        0x0 ./emlib/em_wdog.o
 .data          0x00000000        0x0 ./emlib/em_wdog.o
 .bss           0x00000000        0x0 ./emlib/em_wdog.o
 .text.BUS_RegBitWrite
                0x00000000       0x3c ./emlib/em_wdog.o
 .text.BUS_RegBitRead
                0x00000000       0x20 ./emlib/em_wdog.o
 .text.WDOGn_Enable
                0x00000000       0x64 ./emlib/em_wdog.o
 .text.WDOGn_Feed
                0x00000000       0x3c ./emlib/em_wdog.o
 .text.WDOGn_Init
                0x00000000       0xac ./emlib/em_wdog.o
 .text.WDOGn_Lock
                0x00000000       0x28 ./emlib/em_wdog.o
 .debug_info    0x00000000      0x39f ./emlib/em_wdog.o
 .debug_abbrev  0x00000000      0x14d ./emlib/em_wdog.o
 .debug_loc     0x00000000      0x150 ./emlib/em_wdog.o
 .debug_aranges
                0x00000000       0x48 ./emlib/em_wdog.o
 .debug_ranges  0x00000000       0x38 ./emlib/em_wdog.o
 .debug_line    0x00000000      0x2b1 ./emlib/em_wdog.o
 .debug_str     0x00000000      0x429 ./emlib/em_wdog.o
 .comment       0x00000000       0x6f ./emlib/em_wdog.o
 .debug_frame   0x00000000       0xd0 ./emlib/em_wdog.o
 .ARM.attributes
                0x00000000       0x32 ./emlib/em_wdog.o
 .text          0x00000000        0x0 ./src/RN2483_driver.o
 .data          0x00000000        0x0 ./src/RN2483_driver.o
 .bss           0x00000000        0x0 ./src/RN2483_driver.o
 .data.LEUART_init_config
                0x00000000       0x10 ./src/RN2483_driver.o
 .text.RN2483_Init
                0x00000000       0x4c ./src/RN2483_driver.o
 .debug_info    0x00000000      0x4cc ./src/RN2483_driver.o
 .debug_abbrev  0x00000000       0xd9 ./src/RN2483_driver.o
 .debug_loc     0x00000000       0x2c ./src/RN2483_driver.o
 .debug_aranges
                0x00000000       0x20 ./src/RN2483_driver.o
 .debug_ranges  0x00000000       0x10 ./src/RN2483_driver.o
 .debug_line    0x00000000      0x220 ./src/RN2483_driver.o
 .debug_str     0x00000000      0x6f8 ./src/RN2483_driver.o
 .comment       0x00000000       0x6f ./src/RN2483_driver.o
 .debug_frame   0x00000000       0x2c ./src/RN2483_driver.o
 .ARM.attributes
                0x00000000       0x32 ./src/RN2483_driver.o
 .text          0x00000000        0x0 ./src/main.o
 .data          0x00000000        0x0 ./src/main.o
 .bss           0x00000000        0x0 ./src/main.o
 .text          0x00000000      0x114 c:/program files (x86)/gnu tools arm embedded/5.3 2016q1/bin/../lib/gcc/arm-none-eabi/5.3.1/armv6-m\libgcc.a(_udivsi3.o)
 .data          0x00000000        0x0 c:/program files (x86)/gnu tools arm embedded/5.3 2016q1/bin/../lib/gcc/arm-none-eabi/5.3.1/armv6-m\libgcc.a(_udivsi3.o)
 .bss           0x00000000        0x0 c:/program files (x86)/gnu tools arm embedded/5.3 2016q1/bin/../lib/gcc/arm-none-eabi/5.3.1/armv6-m\libgcc.a(_udivsi3.o)
 .debug_frame   0x00000000       0x20 c:/program files (x86)/gnu tools arm embedded/5.3 2016q1/bin/../lib/gcc/arm-none-eabi/5.3.1/armv6-m\libgcc.a(_udivsi3.o)
 .ARM.attributes
                0x00000000       0x1e c:/program files (x86)/gnu tools arm embedded/5.3 2016q1/bin/../lib/gcc/arm-none-eabi/5.3.1/armv6-m\libgcc.a(_udivsi3.o)
 .text          0x00000000        0x4 c:/program files (x86)/gnu tools arm embedded/5.3 2016q1/bin/../lib/gcc/arm-none-eabi/5.3.1/armv6-m\libgcc.a(_dvmd_tls.o)
 .data          0x00000000        0x0 c:/program files (x86)/gnu tools arm embedded/5.3 2016q1/bin/../lib/gcc/arm-none-eabi/5.3.1/armv6-m\libgcc.a(_dvmd_tls.o)
 .bss           0x00000000        0x0 c:/program files (x86)/gnu tools arm embedded/5.3 2016q1/bin/../lib/gcc/arm-none-eabi/5.3.1/armv6-m\libgcc.a(_dvmd_tls.o)
 .ARM.attributes
                0x00000000       0x1e c:/program files (x86)/gnu tools arm embedded/5.3 2016q1/bin/../lib/gcc/arm-none-eabi/5.3.1/armv6-m\libgcc.a(_dvmd_tls.o)
 .text          0x00000000       0x3c c:/program files (x86)/gnu tools arm embedded/5.3 2016q1/bin/../lib/gcc/arm-none-eabi/5.3.1/armv6-m\libgcc.a(_clzsi2.o)
 .data          0x00000000        0x0 c:/program files (x86)/gnu tools arm embedded/5.3 2016q1/bin/../lib/gcc/arm-none-eabi/5.3.1/armv6-m\libgcc.a(_clzsi2.o)
 .bss           0x00000000        0x0 c:/program files (x86)/gnu tools arm embedded/5.3 2016q1/bin/../lib/gcc/arm-none-eabi/5.3.1/armv6-m\libgcc.a(_clzsi2.o)
 .ARM.attributes
                0x00000000       0x1e c:/program files (x86)/gnu tools arm embedded/5.3 2016q1/bin/../lib/gcc/arm-none-eabi/5.3.1/armv6-m\libgcc.a(_clzsi2.o)
 .text          0x00000000       0x40 c:/program files (x86)/gnu tools arm embedded/5.3 2016q1/bin/../lib/gcc/arm-none-eabi/5.3.1/armv6-m\libgcc.a(_aeabi_uldivmod.o)
 .data          0x00000000        0x0 c:/program files (x86)/gnu tools arm embedded/5.3 2016q1/bin/../lib/gcc/arm-none-eabi/5.3.1/armv6-m\libgcc.a(_aeabi_uldivmod.o)
 .bss           0x00000000        0x0 c:/program files (x86)/gnu tools arm embedded/5.3 2016q1/bin/../lib/gcc/arm-none-eabi/5.3.1/armv6-m\libgcc.a(_aeabi_uldivmod.o)
 .ARM.attributes
                0x00000000       0x1e c:/program files (x86)/gnu tools arm embedded/5.3 2016q1/bin/../lib/gcc/arm-none-eabi/5.3.1/armv6-m\libgcc.a(_aeabi_uldivmod.o)
 .text          0x00000000       0x58 c:/program files (x86)/gnu tools arm embedded/5.3 2016q1/bin/../lib/gcc/arm-none-eabi/5.3.1/armv6-m\libgcc.a(_muldi3.o)
 .data          0x00000000        0x0 c:/program files (x86)/gnu tools arm embedded/5.3 2016q1/bin/../lib/gcc/arm-none-eabi/5.3.1/armv6-m\libgcc.a(_muldi3.o)
 .bss           0x00000000        0x0 c:/program files (x86)/gnu tools arm embedded/5.3 2016q1/bin/../lib/gcc/arm-none-eabi/5.3.1/armv6-m\libgcc.a(_muldi3.o)
 .debug_frame   0x00000000       0x34 c:/program files (x86)/gnu tools arm embedded/5.3 2016q1/bin/../lib/gcc/arm-none-eabi/5.3.1/armv6-m\libgcc.a(_muldi3.o)
 .ARM.attributes
                0x00000000       0x2c c:/program files (x86)/gnu tools arm embedded/5.3 2016q1/bin/../lib/gcc/arm-none-eabi/5.3.1/armv6-m\libgcc.a(_muldi3.o)
 .text          0x00000000      0x180 c:/program files (x86)/gnu tools arm embedded/5.3 2016q1/bin/../lib/gcc/arm-none-eabi/5.3.1/armv6-m\libgcc.a(_udivmoddi4.o)
 .data          0x00000000        0x0 c:/program files (x86)/gnu tools arm embedded/5.3 2016q1/bin/../lib/gcc/arm-none-eabi/5.3.1/armv6-m\libgcc.a(_udivmoddi4.o)
 .bss           0x00000000        0x0 c:/program files (x86)/gnu tools arm embedded/5.3 2016q1/bin/../lib/gcc/arm-none-eabi/5.3.1/armv6-m\libgcc.a(_udivmoddi4.o)
 .ARM.extab     0x00000000        0x0 c:/program files (x86)/gnu tools arm embedded/5.3 2016q1/bin/../lib/gcc/arm-none-eabi/5.3.1/armv6-m\libgcc.a(_udivmoddi4.o)
 .ARM.exidx     0x00000000        0x8 c:/program files (x86)/gnu tools arm embedded/5.3 2016q1/bin/../lib/gcc/arm-none-eabi/5.3.1/armv6-m\libgcc.a(_udivmoddi4.o)
 .debug_frame   0x00000000       0x3c c:/program files (x86)/gnu tools arm embedded/5.3 2016q1/bin/../lib/gcc/arm-none-eabi/5.3.1/armv6-m\libgcc.a(_udivmoddi4.o)
 .ARM.attributes
                0x00000000       0x2c c:/program files (x86)/gnu tools arm embedded/5.3 2016q1/bin/../lib/gcc/arm-none-eabi/5.3.1/armv6-m\libgcc.a(_udivmoddi4.o)
 .text          0x00000000       0x18 c:/program files (x86)/gnu tools arm embedded/5.3 2016q1/bin/../lib/gcc/arm-none-eabi/5.3.1/armv6-m\libgcc.a(_clzdi2.o)
 .data          0x00000000        0x0 c:/program files (x86)/gnu tools arm embedded/5.3 2016q1/bin/../lib/gcc/arm-none-eabi/5.3.1/armv6-m\libgcc.a(_clzdi2.o)
 .bss           0x00000000        0x0 c:/program files (x86)/gnu tools arm embedded/5.3 2016q1/bin/../lib/gcc/arm-none-eabi/5.3.1/armv6-m\libgcc.a(_clzdi2.o)
 .ARM.attributes
                0x00000000       0x1e c:/program files (x86)/gnu tools arm embedded/5.3 2016q1/bin/../lib/gcc/arm-none-eabi/5.3.1/armv6-m\libgcc.a(_clzdi2.o)
 .text          0x00000000        0x0 c:/program files (x86)/gnu tools arm embedded/5.3 2016q1/bin/../lib/gcc/arm-none-eabi/5.3.1/../../../../arm-none-eabi/lib/armv6-m\libc_nano.a(lib_a-exit.o)
 .data          0x00000000        0x0 c:/program files (x86)/gnu tools arm embedded/5.3 2016q1/bin/../lib/gcc/arm-none-eabi/5.3.1/../../../../arm-none-eabi/lib/armv6-m\libc_nano.a(lib_a-exit.o)
 .bss           0x00000000        0x0 c:/program files (x86)/gnu tools arm embedded/5.3 2016q1/bin/../lib/gcc/arm-none-eabi/5.3.1/../../../../arm-none-eabi/lib/armv6-m\libc_nano.a(lib_a-exit.o)
 .text          0x00000000        0x0 c:/program files (x86)/gnu tools arm embedded/5.3 2016q1/bin/../lib/gcc/arm-none-eabi/5.3.1/../../../../arm-none-eabi/lib/armv6-m\libc_nano.a(lib_a-impure.o)
 .data          0x00000000        0x0 c:/program files (x86)/gnu tools arm embedded/5.3 2016q1/bin/../lib/gcc/arm-none-eabi/5.3.1/../../../../arm-none-eabi/lib/armv6-m\libc_nano.a(lib_a-impure.o)
 .bss           0x00000000        0x0 c:/program files (x86)/gnu tools arm embedded/5.3 2016q1/bin/../lib/gcc/arm-none-eabi/5.3.1/../../../../arm-none-eabi/lib/armv6-m\libc_nano.a(lib_a-impure.o)
 .data._impure_ptr
                0x00000000        0x4 c:/program files (x86)/gnu tools arm embedded/5.3 2016q1/bin/../lib/gcc/arm-none-eabi/5.3.1/../../../../arm-none-eabi/lib/armv6-m\libc_nano.a(lib_a-impure.o)
 .text          0x00000000        0x0 c:/program files (x86)/gnu tools arm embedded/5.3 2016q1/bin/../lib/gcc/arm-none-eabi/5.3.1/../../../../arm-none-eabi/lib/armv6-m\libc_nano.a(lib_a-init.o)
 .data          0x00000000        0x0 c:/program files (x86)/gnu tools arm embedded/5.3 2016q1/bin/../lib/gcc/arm-none-eabi/5.3.1/../../../../arm-none-eabi/lib/armv6-m\libc_nano.a(lib_a-init.o)
 .bss           0x00000000        0x0 c:/program files (x86)/gnu tools arm embedded/5.3 2016q1/bin/../lib/gcc/arm-none-eabi/5.3.1/../../../../arm-none-eabi/lib/armv6-m\libc_nano.a(lib_a-init.o)
 .text          0x00000000        0x0 c:/program files (x86)/gnu tools arm embedded/5.3 2016q1/bin/../lib/gcc/arm-none-eabi/5.3.1/../../../../arm-none-eabi/lib/armv6-m\libc_nano.a(lib_a-memset.o)
 .data          0x00000000        0x0 c:/program files (x86)/gnu tools arm embedded/5.3 2016q1/bin/../lib/gcc/arm-none-eabi/5.3.1/../../../../arm-none-eabi/lib/armv6-m\libc_nano.a(lib_a-memset.o)
 .bss           0x00000000        0x0 c:/program files (x86)/gnu tools arm embedded/5.3 2016q1/bin/../lib/gcc/arm-none-eabi/5.3.1/../../../../arm-none-eabi/lib/armv6-m\libc_nano.a(lib_a-memset.o)
 .text          0x00000000        0x0 c:/program files (x86)/gnu tools arm embedded/5.3 2016q1/bin/../lib/gcc/arm-none-eabi/5.3.1/../../../../arm-none-eabi/lib/armv6-m\libnosys.a(_exit.o)
 .data          0x00000000        0x0 c:/program files (x86)/gnu tools arm embedded/5.3 2016q1/bin/../lib/gcc/arm-none-eabi/5.3.1/../../../../arm-none-eabi/lib/armv6-m\libnosys.a(_exit.o)
 .bss           0x00000000        0x0 c:/program files (x86)/gnu tools arm embedded/5.3 2016q1/bin/../lib/gcc/arm-none-eabi/5.3.1/../../../../arm-none-eabi/lib/armv6-m\libnosys.a(_exit.o)
 .text          0x00000000        0x0 c:/program files (x86)/gnu tools arm embedded/5.3 2016q1/bin/../lib/gcc/arm-none-eabi/5.3.1/armv6-m/crtend.o
 .data          0x00000000        0x0 c:/program files (x86)/gnu tools arm embedded/5.3 2016q1/bin/../lib/gcc/arm-none-eabi/5.3.1/armv6-m/crtend.o
 .bss           0x00000000        0x0 c:/program files (x86)/gnu tools arm embedded/5.3 2016q1/bin/../lib/gcc/arm-none-eabi/5.3.1/armv6-m/crtend.o
 .text          0x00000000        0x0 c:/program files (x86)/gnu tools arm embedded/5.3 2016q1/bin/../lib/gcc/arm-none-eabi/5.3.1/armv6-m/crtn.o
 .data          0x00000000        0x0 c:/program files (x86)/gnu tools arm embedded/5.3 2016q1/bin/../lib/gcc/arm-none-eabi/5.3.1/armv6-m/crtn.o
 .bss           0x00000000        0x0 c:/program files (x86)/gnu tools arm embedded/5.3 2016q1/bin/../lib/gcc/arm-none-eabi/5.3.1/armv6-m/crtn.o

Memory Configuration

Name             Origin             Length             Attributes
FLASH            0x00000000         0x00008000         xr
RAM              0x20000000         0x00001000         xrw
*default*        0x00000000         0xffffffff

Linker script and memory map

LOAD c:/program files (x86)/gnu tools arm embedded/5.3 2016q1/bin/../lib/gcc/arm-none-eabi/5.3.1/armv6-m/crti.o
LOAD c:/program files (x86)/gnu tools arm embedded/5.3 2016q1/bin/../lib/gcc/arm-none-eabi/5.3.1/armv6-m/crtbegin.o
LOAD c:/program files (x86)/gnu tools arm embedded/5.3 2016q1/bin/../lib/gcc/arm-none-eabi/5.3.1/../../../../arm-none-eabi/lib/armv6-m/crt0.o
LOAD ./CMSIS/EFM32ZG/startup_gcc_efm32zg.o
LOAD ./CMSIS/EFM32ZG/system_efm32zg.o
LOAD ./emlib/em_acmp.o
LOAD ./emlib/em_adc.o
LOAD ./emlib/em_aes.o
LOAD ./emlib/em_assert.o
LOAD ./emlib/em_burtc.o
LOAD ./emlib/em_can.o
LOAD ./emlib/em_cmu.o
LOAD ./emlib/em_core.o
LOAD ./emlib/em_cryotimer.o
LOAD ./emlib/em_crypto.o
LOAD ./emlib/em_csen.o
LOAD ./emlib/em_dac.o
LOAD ./emlib/em_dbg.o
LOAD ./emlib/em_dma.o
LOAD ./emlib/em_ebi.o
LOAD ./emlib/em_emu.o
LOAD ./emlib/em_gpcrc.o
LOAD ./emlib/em_gpio.o
LOAD ./emlib/em_i2c.o
LOAD ./emlib/em_idac.o
LOAD ./emlib/em_int.o
LOAD ./emlib/em_lcd.o
LOAD ./emlib/em_ldma.o
LOAD ./emlib/em_lesense.o
LOAD ./emlib/em_letimer.o
LOAD ./emlib/em_leuart.o
LOAD ./emlib/em_mpu.o
LOAD ./emlib/em_msc.o
LOAD ./emlib/em_opamp.o
LOAD ./emlib/em_pcnt.o
LOAD ./emlib/em_prs.o
LOAD ./emlib/em_qspi.o
LOAD ./emlib/em_rmu.o
LOAD ./emlib/em_rtc.o
LOAD ./emlib/em_rtcc.o
LOAD ./emlib/em_system.o
LOAD ./emlib/em_timer.o
LOAD ./emlib/em_usart.o
LOAD ./emlib/em_vcmp.o
LOAD ./emlib/em_vdac.o
LOAD ./emlib/em_wdog.o
LOAD ./src/RN2483_driver.o
LOAD ./src/main.o
START GROUP
LOAD c:/program files (x86)/gnu tools arm embedded/5.3 2016q1/bin/../lib/gcc/arm-none-eabi/5.3.1/armv6-m\libgcc.a
LOAD c:/program files (x86)/gnu tools arm embedded/5.3 2016q1/bin/../lib/gcc/arm-none-eabi/5.3.1/../../../../arm-none-eabi/lib/armv6-m\libc_nano.a
LOAD c:/program files (x86)/gnu tools arm embedded/5.3 2016q1/bin/../lib/gcc/arm-none-eabi/5.3.1/../../../../arm-none-eabi/lib/armv6-m\libnosys.a
END GROUP
START GROUP
LOAD c:/program files (x86)/gnu tools arm embedded/5.3 2016q1/bin/../lib/gcc/arm-none-eabi/5.3.1/armv6-m\libgcc.a
LOAD c:/program files (x86)/gnu tools arm embedded/5.3 2016q1/bin/../lib/gcc/arm-none-eabi/5.3.1/../../../../arm-none-eabi/lib/armv6-m\libg_nano.a
LOAD c:/program files (x86)/gnu tools arm embedded/5.3 2016q1/bin/../lib/gcc/arm-none-eabi/5.3.1/../../../../arm-none-eabi/lib/armv6-m\libc_nano.a
END GROUP
START GROUP
LOAD c:/program files (x86)/gnu tools arm embedded/5.3 2016q1/bin/../lib/gcc/arm-none-eabi/5.3.1/armv6-m\libgcc.a
LOAD c:/program files (x86)/gnu tools arm embedded/5.3 2016q1/bin/../lib/gcc/arm-none-eabi/5.3.1/../../../../arm-none-eabi/lib/armv6-m\libc_nano.a
END GROUP
LOAD c:/program files (x86)/gnu tools arm embedded/5.3 2016q1/bin/../lib/gcc/arm-none-eabi/5.3.1/armv6-m/crtend.o
LOAD c:/program files (x86)/gnu tools arm embedded/5.3 2016q1/bin/../lib/gcc/arm-none-eabi/5.3.1/armv6-m/crtn.o

.text           0x00000000      0x850
 *(.vectors)
 .vectors       0x00000000       0x8c ./CMSIS/EFM32ZG/startup_gcc_efm32zg.o
                0x00000000                __Vectors
                0x0000008c                __Vectors_End = .
                0x0000008c                __Vectors_Size = (__Vectors_End - __Vectors)
                0x0000008c                __end__ = .
 *(.text*)
 .text          0x0000008c       0x60 c:/program files (x86)/gnu tools arm embedded/5.3 2016q1/bin/../lib/gcc/arm-none-eabi/5.3.1/armv6-m/crtbegin.o
 .text          0x000000ec       0x78 c:/program files (x86)/gnu tools arm embedded/5.3 2016q1/bin/../lib/gcc/arm-none-eabi/5.3.1/../../../../arm-none-eabi/lib/armv6-m/crt0.o
                0x000000ec                _start
                0x000000ec                _mainCRTStartup
 .text          0x00000164       0x30 ./CMSIS/EFM32ZG/startup_gcc_efm32zg.o
                0x00000164                Reset_Handler
                0x00000190                HardFault_Handler
                0x00000190                SysTick_Handler
                0x00000190                USART1_RX_IRQHandler
                0x00000190                PendSV_Handler
                0x00000190                NMI_Handler
                0x00000190                USART1_TX_IRQHandler
                0x00000190                MSC_IRQHandler
                0x00000190                ADC0_IRQHandler
                0x00000190                LEUART0_IRQHandler
                0x00000190                GPIO_EVEN_IRQHandler
                0x00000190                RTC_IRQHandler
                0x00000190                TIMER0_IRQHandler
                0x00000190                I2C0_IRQHandler
                0x00000190                TIMER1_IRQHandler
                0x00000190                Default_Handler
                0x00000190                PCNT0_IRQHandler
                0x00000190                ACMP0_IRQHandler
                0x00000190                SVC_Handler
                0x00000190                CMU_IRQHandler
                0x00000190                GPIO_ODD_IRQHandler
                0x00000190                AES_IRQHandler
                0x00000190                VCMP_IRQHandler
 .text.SystemCoreClockGet
                0x00000194       0x38 ./CMSIS/EFM32ZG/system_efm32zg.o
                0x00000194                SystemCoreClockGet
 .text.SystemHFClockGet
                0x000001cc       0xcc ./CMSIS/EFM32ZG/system_efm32zg.o
                0x000001cc                SystemHFClockGet
 .text.SystemHFXOClockSet
                0x00000298       0x30 ./CMSIS/EFM32ZG/system_efm32zg.o
                0x00000298                SystemHFXOClockSet
 .text.SystemInit
                0x000002c8       0x18 ./CMSIS/EFM32ZG/system_efm32zg.o
                0x000002c8                SystemInit
 .text.BUS_RegBitWrite
                0x000002e0       0x3c ./emlib/em_cmu.o
 .text.syncReg  0x0000031c       0x2c ./emlib/em_cmu.o
 .text.CMU_ClockEnable
                0x00000348       0xa0 ./emlib/em_cmu.o
                0x00000348                CMU_ClockEnable
 .text.DMA_IRQHandler
                0x000003e8       0xd8 ./emlib/em_dma.o
                0x000003e8                DMA_IRQHandler
 .text.GPIO_PinOutClear
                0x000004c0       0x5c ./emlib/em_gpio.o
 .text.GPIO_PinOutSet
                0x0000051c       0x5c ./emlib/em_gpio.o
 .text.GPIO_PinModeSet
                0x00000578      0x168 ./emlib/em_gpio.o
                0x00000578                GPIO_PinModeSet
 .text.GPIO_PinOutSet
                0x000006e0       0x5c ./src/main.o
 .text.CHIP_Init
                0x0000073c        0xc ./src/main.o
 .text.main     0x00000748       0x2c ./src/main.o
                0x00000748                main
 .text.exit     0x00000774       0x2c c:/program files (x86)/gnu tools arm embedded/5.3 2016q1/bin/../lib/gcc/arm-none-eabi/5.3.1/../../../../arm-none-eabi/lib/armv6-m\libc_nano.a(lib_a-exit.o)
                0x00000774                exit
 .text.__libc_init_array
                0x000007a0       0x4c c:/program files (x86)/gnu tools arm embedded/5.3 2016q1/bin/../lib/gcc/arm-none-eabi/5.3.1/../../../../arm-none-eabi/lib/armv6-m\libc_nano.a(lib_a-init.o)
                0x000007a0                __libc_init_array
 .text.memset   0x000007ec       0x10 c:/program files (x86)/gnu tools arm embedded/5.3 2016q1/bin/../lib/gcc/arm-none-eabi/5.3.1/../../../../arm-none-eabi/lib/armv6-m\libc_nano.a(lib_a-memset.o)
                0x000007ec                memset
 .text._exit    0x000007fc        0x4 c:/program files (x86)/gnu tools arm embedded/5.3 2016q1/bin/../lib/gcc/arm-none-eabi/5.3.1/../../../../arm-none-eabi/lib/armv6-m\libnosys.a(_exit.o)
                0x000007fc                _exit
 *(.init)
 .init          0x00000800        0x4 c:/program files (x86)/gnu tools arm embedded/5.3 2016q1/bin/../lib/gcc/arm-none-eabi/5.3.1/armv6-m/crti.o
                0x00000800                _init
 .init          0x00000804        0x8 c:/program files (x86)/gnu tools arm embedded/5.3 2016q1/bin/../lib/gcc/arm-none-eabi/5.3.1/armv6-m/crtn.o
 *(.fini)
 .fini          0x0000080c        0x4 c:/program files (x86)/gnu tools arm embedded/5.3 2016q1/bin/../lib/gcc/arm-none-eabi/5.3.1/armv6-m/crti.o
                0x0000080c                _fini
 .fini          0x00000810        0x8 c:/program files (x86)/gnu tools arm embedded/5.3 2016q1/bin/../lib/gcc/arm-none-eabi/5.3.1/armv6-m/crtn.o
 *crtbegin.o(.ctors)
 *crtbegin?.o(.ctors)
 *(EXCLUDE_FILE(*crtend.o *crtend?.o) .ctors)
 *(SORT(.ctors.*))
 *(.ctors)
 *crtbegin.o(.dtors)
 *crtbegin?.o(.dtors)
 *(EXCLUDE_FILE(*crtend.o *crtend?.o) .dtors)
 *(SORT(.dtors.*))
 *(.dtors)
 *(.rodata*)
 .rodata.CMU_ClockEnable
                0x00000818       0x2c ./emlib/em_cmu.o
 .rodata.str1.1
                0x00000844        0x2 c:/program files (x86)/gnu tools arm embedded/5.3 2016q1/bin/../lib/gcc/arm-none-eabi/5.3.1/../../../../arm-none-eabi/lib/armv6-m\libc_nano.a(lib_a-impure.o)
 *fill*         0x00000846        0x2 
 .rodata._global_impure_ptr
                0x00000848        0x4 c:/program files (x86)/gnu tools arm embedded/5.3 2016q1/bin/../lib/gcc/arm-none-eabi/5.3.1/../../../../arm-none-eabi/lib/armv6-m\libc_nano.a(lib_a-impure.o)
                0x00000848                _global_impure_ptr
 *(.eh_frame*)
 .eh_frame      0x0000084c        0x0 c:/program files (x86)/gnu tools arm embedded/5.3 2016q1/bin/../lib/gcc/arm-none-eabi/5.3.1/armv6-m/crtbegin.o
 .eh_frame      0x0000084c        0x4 c:/program files (x86)/gnu tools arm embedded/5.3 2016q1/bin/../lib/gcc/arm-none-eabi/5.3.1/armv6-m/crtend.o

.glue_7         0x00000850        0x0
 .glue_7        0x00000850        0x0 linker stubs

.glue_7t        0x00000850        0x0
 .glue_7t       0x00000850        0x0 linker stubs

.vfp11_veneer   0x00000850        0x0
 .vfp11_veneer  0x00000850        0x0 linker stubs

.v4_bx          0x00000850        0x0
 .v4_bx         0x00000850        0x0 linker stubs

.iplt           0x00000850        0x0
 .iplt          0x00000850        0x0 c:/program files (x86)/gnu tools arm embedded/5.3 2016q1/bin/../lib/gcc/arm-none-eabi/5.3.1/armv6-m/crtbegin.o

.ARM.extab
 *(.ARM.extab* .gnu.linkonce.armextab.*)
                0x00000850                __exidx_start = .

.ARM.exidx      0x00000850        0x8
 *(.ARM.exidx* .gnu.linkonce.armexidx.*)
 .ARM.exidx     0x00000850        0x8 c:/program files (x86)/gnu tools arm embedded/5.3 2016q1/bin/../lib/gcc/arm-none-eabi/5.3.1/../../../../arm-none-eabi/lib/armv6-m/crt0.o
                0x00000858                __exidx_end = .
                0x00000858                __etext = .

.rel.dyn        0x00000858        0x0
 .rel.iplt      0x00000858        0x0 c:/program files (x86)/gnu tools arm embedded/5.3 2016q1/bin/../lib/gcc/arm-none-eabi/5.3.1/armv6-m/crtbegin.o

.data           0x20000000       0x78 load address 0x00000858
                0x20000000                __data_start__ = .
 *(vtable)
 *(.data*)
 .data.SystemHFXOClock
                0x20000000        0x4 ./CMSIS/EFM32ZG/system_efm32zg.o
 .data.SystemLFXOClock
                0x20000004        0x4 ./CMSIS/EFM32ZG/system_efm32zg.o
 .data.SystemCoreClock
                0x20000008        0x4 ./CMSIS/EFM32ZG/system_efm32zg.o
                0x20000008                SystemCoreClock
 .data.impure_data
                0x2000000c       0x60 c:/program files (x86)/gnu tools arm embedded/5.3 2016q1/bin/../lib/gcc/arm-none-eabi/5.3.1/../../../../arm-none-eabi/lib/armv6-m\libc_nano.a(lib_a-impure.o)
                0x2000006c                . = ALIGN (0x4)
 *(.ram)
                0x2000006c                . = ALIGN (0x4)
                0x2000006c                PROVIDE (__preinit_array_start, .)
 *(.preinit_array)
                0x2000006c                PROVIDE (__preinit_array_end, .)
                0x2000006c                . = ALIGN (0x4)
                0x2000006c                PROVIDE (__init_array_start, .)
 *(SORT(.init_array.*))
 *(.init_array)
 .init_array    0x2000006c        0x4 c:/program files (x86)/gnu tools arm embedded/5.3 2016q1/bin/../lib/gcc/arm-none-eabi/5.3.1/armv6-m/crtbegin.o
                0x20000070                PROVIDE (__init_array_end, .)
                0x20000070                . = ALIGN (0x4)
                [!provide]                PROVIDE (__fini_array_start, .)
 *(SORT(.fini_array.*))
 *(.fini_array)
 .fini_array    0x20000070        0x4 c:/program files (x86)/gnu tools arm embedded/5.3 2016q1/bin/../lib/gcc/arm-none-eabi/5.3.1/armv6-m/crtbegin.o
                [!provide]                PROVIDE (__fini_array_end, .)
 *(.jcr*)
 .jcr           0x20000074        0x0 c:/program files (x86)/gnu tools arm embedded/5.3 2016q1/bin/../lib/gcc/arm-none-eabi/5.3.1/armv6-m/crtbegin.o
 .jcr           0x20000074        0x4 c:/program files (x86)/gnu tools arm embedded/5.3 2016q1/bin/../lib/gcc/arm-none-eabi/5.3.1/armv6-m/crtend.o
                0x20000078                . = ALIGN (0x4)
                0x20000078                __data_end__ = .

.igot.plt       0x20000078        0x0 load address 0x000008d0
 .igot.plt      0x20000078        0x0 c:/program files (x86)/gnu tools arm embedded/5.3 2016q1/bin/../lib/gcc/arm-none-eabi/5.3.1/armv6-m/crtbegin.o

.bss            0x20000078       0x1c load address 0x000008d0
                0x20000078                . = ALIGN (0x4)
                0x20000078                __bss_start__ = .
 *(.bss*)
 .bss           0x20000078       0x1c c:/program files (x86)/gnu tools arm embedded/5.3 2016q1/bin/../lib/gcc/arm-none-eabi/5.3.1/armv6-m/crtbegin.o
 *(COMMON)
                0x20000094                . = ALIGN (0x4)
                0x20000094                __bss_end__ = .

.heap           0x20000098        0x0
                0x20000098                __HeapBase = .
                0x20000098                __end__ = .
                0x20000098                end = __end__
                0x20000098                _end = __end__
 *(.heap*)
 .heap          0x20000098        0x0 ./CMSIS/EFM32ZG/startup_gcc_efm32zg.o
                0x20000098                __HeapLimit = .

.stack_dummy    0x20000098      0x400
 *(.stack*)
 .stack         0x20000098      0x400 ./CMSIS/EFM32ZG/startup_gcc_efm32zg.o
                0x20001000                __StackTop = (ORIGIN (RAM) + LENGTH (RAM))
                0x20000c00                __StackLimit = (__StackTop - SIZEOF (.stack_dummy))
                0x20001000                PROVIDE (__stack, __StackTop)
                0x00000001                ASSERT ((__StackLimit >= __HeapLimit), region RAM overflowed with stack)
                0x00000001                ASSERT ((LENGTH (FLASH) >= (__etext + SIZEOF (.data))), FLASH memory overflowed !)
OUTPUT(parking_sensor_prototype.axf elf32-littlearm)

.ARM.attributes
                0x00000000       0x28
 .ARM.attributes
                0x00000000       0x1e c:/program files (x86)/gnu tools arm embedded/5.3 2016q1/bin/../lib/gcc/arm-none-eabi/5.3.1/armv6-m/crti.o
 .ARM.attributes
                0x0000001e       0x2c c:/program files (x86)/gnu tools arm embedded/5.3 2016q1/bin/../lib/gcc/arm-none-eabi/5.3.1/armv6-m/crtbegin.o
 .ARM.attributes
                0x0000004a       0x1b c:/program files (x86)/gnu tools arm embedded/5.3 2016q1/bin/../lib/gcc/arm-none-eabi/5.3.1/../../../../arm-none-eabi/lib/armv6-m/crt0.o
 .ARM.attributes
                0x00000065       0x1b ./CMSIS/EFM32ZG/startup_gcc_efm32zg.o
 .ARM.attributes
                0x00000080       0x32 ./CMSIS/EFM32ZG/system_efm32zg.o
 .ARM.attributes
                0x000000b2       0x32 ./emlib/em_cmu.o
 .ARM.attributes
                0x000000e4       0x32 ./emlib/em_dma.o
 .ARM.attributes
                0x00000116       0x32 ./emlib/em_gpio.o
 .ARM.attributes
                0x00000148       0x32 ./src/main.o
 .ARM.attributes
                0x0000017a       0x2c c:/program files (x86)/gnu tools arm embedded/5.3 2016q1/bin/../lib/gcc/arm-none-eabi/5.3.1/../../../../arm-none-eabi/lib/armv6-m\libc_nano.a(lib_a-exit.o)
 .ARM.attributes
                0x000001a6       0x2c c:/program files (x86)/gnu tools arm embedded/5.3 2016q1/bin/../lib/gcc/arm-none-eabi/5.3.1/../../../../arm-none-eabi/lib/armv6-m\libc_nano.a(lib_a-impure.o)
 .ARM.attributes
                0x000001d2       0x2c c:/program files (x86)/gnu tools arm embedded/5.3 2016q1/bin/../lib/gcc/arm-none-eabi/5.3.1/../../../../arm-none-eabi/lib/armv6-m\libc_nano.a(lib_a-init.o)
 .ARM.attributes
                0x000001fe       0x2c c:/program files (x86)/gnu tools arm embedded/5.3 2016q1/bin/../lib/gcc/arm-none-eabi/5.3.1/../../../../arm-none-eabi/lib/armv6-m\libc_nano.a(lib_a-memset.o)
 .ARM.attributes
                0x0000022a       0x2c c:/program files (x86)/gnu tools arm embedded/5.3 2016q1/bin/../lib/gcc/arm-none-eabi/5.3.1/../../../../arm-none-eabi/lib/armv6-m\libnosys.a(_exit.o)
 .ARM.attributes
                0x00000256       0x2c c:/program files (x86)/gnu tools arm embedded/5.3 2016q1/bin/../lib/gcc/arm-none-eabi/5.3.1/armv6-m/crtend.o
 .ARM.attributes
                0x00000282       0x1e c:/program files (x86)/gnu tools arm embedded/5.3 2016q1/bin/../lib/gcc/arm-none-eabi/5.3.1/armv6-m/crtn.o

.comment        0x00000000       0x6e
 .comment       0x00000000       0x6e ./CMSIS/EFM32ZG/system_efm32zg.o
                                 0x6f (size before relaxing)
 .comment       0x0000006e       0x6f ./emlib/em_cmu.o
 .comment       0x0000006e       0x6f ./emlib/em_dma.o
 .comment       0x0000006e       0x6f ./emlib/em_gpio.o
 .comment       0x0000006e       0x6f ./src/main.o

.debug_line     0x00000000     0x1626
 .debug_line    0x00000000       0x74 ./CMSIS/EFM32ZG/startup_gcc_efm32zg.o
 .debug_line    0x00000074      0x265 ./CMSIS/EFM32ZG/system_efm32zg.o
 .debug_line    0x000002d9      0x7fc ./emlib/em_cmu.o
 .debug_line    0x00000ad5      0x51c ./emlib/em_dma.o
 .debug_line    0x00000ff1      0x3c2 ./emlib/em_gpio.o
 .debug_line    0x000013b3      0x273 ./src/main.o

.debug_info     0x00000000     0x310b
 .debug_info    0x00000000       0xb1 ./CMSIS/EFM32ZG/startup_gcc_efm32zg.o
 .debug_info    0x000000b1      0x436 ./CMSIS/EFM32ZG/system_efm32zg.o
 .debug_info    0x000004e7     0x1130 ./emlib/em_cmu.o
 .debug_info    0x00001617     0x1021 ./emlib/em_dma.o
 .debug_info    0x00002638      0x65a ./emlib/em_gpio.o
 .debug_info    0x00002c92      0x479 ./src/main.o

.debug_abbrev   0x00000000      0x974
 .debug_abbrev  0x00000000       0x14 ./CMSIS/EFM32ZG/startup_gcc_efm32zg.o
 .debug_abbrev  0x00000014      0x160 ./CMSIS/EFM32ZG/system_efm32zg.o
 .debug_abbrev  0x00000174      0x2b3 ./emlib/em_cmu.o
 .debug_abbrev  0x00000427      0x26c ./emlib/em_dma.o
 .debug_abbrev  0x00000693      0x1bc ./emlib/em_gpio.o
 .debug_abbrev  0x0000084f      0x125 ./src/main.o

.debug_aranges  0x00000000      0x320
 .debug_aranges
                0x00000000       0x20 ./CMSIS/EFM32ZG/startup_gcc_efm32zg.o
 .debug_aranges
                0x00000020       0x68 ./CMSIS/EFM32ZG/system_efm32zg.o
 .debug_aranges
                0x00000088      0x148 ./emlib/em_cmu.o
 .debug_aranges
                0x000001d0       0xb0 ./emlib/em_dma.o
 .debug_aranges
                0x00000280       0x70 ./emlib/em_gpio.o
 .debug_aranges
                0x000002f0       0x30 ./src/main.o

.debug_loc      0x00000000     0x1104
 .debug_loc     0x00000000      0x1e8 ./CMSIS/EFM32ZG/system_efm32zg.o
 .debug_loc     0x000001e8      0x7fc ./emlib/em_cmu.o
 .debug_loc     0x000009e4      0x428 ./emlib/em_dma.o
 .debug_loc     0x00000e0c      0x268 ./emlib/em_gpio.o
 .debug_loc     0x00001074       0x90 ./src/main.o

.debug_ranges   0x00000000      0x2b0
 .debug_ranges  0x00000000       0x58 ./CMSIS/EFM32ZG/system_efm32zg.o
 .debug_ranges  0x00000058      0x138 ./emlib/em_cmu.o
 .debug_ranges  0x00000190       0xa0 ./emlib/em_dma.o
 .debug_ranges  0x00000230       0x60 ./emlib/em_gpio.o
 .debug_ranges  0x00000290       0x20 ./src/main.o

.debug_str      0x00000000     0x1763
 .debug_str     0x00000000      0x3b7 ./CMSIS/EFM32ZG/system_efm32zg.o
                                0x41b (size before relaxing)
 .debug_str     0x000003b7      0x8f6 ./emlib/em_cmu.o
                                0xc26 (size before relaxing)
 .debug_str     0x00000cad      0x6de ./emlib/em_dma.o
                                0xab1 (size before relaxing)
 .debug_str     0x0000138b      0x3bb ./emlib/em_gpio.o
                                0x60a (size before relaxing)
 .debug_str     0x00001746       0x1d ./src/main.o
                                0x5d6 (size before relaxing)

.debug_frame    0x00000000      0xacc
 .debug_frame   0x00000000      0x138 ./CMSIS/EFM32ZG/system_efm32zg.o
 .debug_frame   0x00000138      0x4b4 ./emlib/em_cmu.o
 .debug_frame   0x000005ec      0x270 ./emlib/em_dma.o
 .debug_frame   0x0000085c      0x174 ./emlib/em_gpio.o
 .debug_frame   0x000009d0       0x68 ./src/main.o
 .debug_frame   0x00000a38       0x28 c:/program files (x86)/gnu tools arm embedded/5.3 2016q1/bin/../lib/gcc/arm-none-eabi/5.3.1/../../../../arm-none-eabi/lib/armv6-m\libc_nano.a(lib_a-exit.o)
 .debug_frame   0x00000a60       0x2c c:/program files (x86)/gnu tools arm embedded/5.3 2016q1/bin/../lib/gcc/arm-none-eabi/5.3.1/../../../../arm-none-eabi/lib/armv6-m\libc_nano.a(lib_a-init.o)
 .debug_frame   0x00000a8c       0x20 c:/program files (x86)/gnu tools arm embedded/5.3 2016q1/bin/../lib/gcc/arm-none-eabi/5.3.1/../../../../arm-none-eabi/lib/armv6-m\libc_nano.a(lib_a-memset.o)
 .debug_frame   0x00000aac       0x20 c:/program files (x86)/gnu tools arm embedded/5.3 2016q1/bin/../lib/gcc/arm-none-eabi/5.3.1/../../../../arm-none-eabi/lib/armv6-m\libnosys.a(_exit.o)
